Component: ARM Compiler 5.06 update 6 (build 750) Tool: armlink [4d35ed]

==============================================================================

Section Cross References

    startup_stm32f103xe.o(RESET) refers to startup_stm32f103xe.o(STACK) for __initial_sp
    startup_stm32f103xe.o(RESET) refers to startup_stm32f103xe.o(.text) for Reset_Handler
    startup_stm32f103xe.o(RESET) refers to stm32f1xx_it.o(i.NMI_Handler) for NMI_Handler
    startup_stm32f103xe.o(RESET) refers to stm32f1xx_it.o(i.HardFault_Handler) for HardFault_Handler
    startup_stm32f103xe.o(RESET) refers to stm32f1xx_it.o(i.MemManage_Handler) for MemManage_Handler
    startup_stm32f103xe.o(RESET) refers to stm32f1xx_it.o(i.BusFault_Handler) for BusFault_Handler
    startup_stm32f103xe.o(RESET) refers to stm32f1xx_it.o(i.UsageFault_Handler) for UsageFault_Handler
    startup_stm32f103xe.o(RESET) refers to port.o(.emb_text) for SVC_Handler
    startup_stm32f103xe.o(RESET) refers to stm32f1xx_it.o(i.DebugMon_Handler) for DebugMon_Handler
    startup_stm32f103xe.o(RESET) refers to stm32f1xx_it.o(i.SysTick_Handler) for SysTick_Handler
    startup_stm32f103xe.o(RESET) refers to stm32f1xx_it.o(i.USB_HP_CAN1_TX_IRQHandler) for USB_HP_CAN1_TX_IRQHandler
    startup_stm32f103xe.o(RESET) refers to stm32f1xx_it.o(i.USB_LP_CAN1_RX0_IRQHandler) for USB_LP_CAN1_RX0_IRQHandler
    startup_stm32f103xe.o(RESET) refers to stm32f1xx_it.o(i.TIM2_IRQHandler) for TIM2_IRQHandler
    startup_stm32f103xe.o(RESET) refers to stm32f1xx_it.o(i.I2C1_EV_IRQHandler) for I2C1_EV_IRQHandler
    startup_stm32f103xe.o(RESET) refers to stm32f1xx_it.o(i.I2C1_ER_IRQHandler) for I2C1_ER_IRQHandler
    startup_stm32f103xe.o(RESET) refers to stm32f1xx_it.o(i.USART1_IRQHandler) for USART1_IRQHandler
    startup_stm32f103xe.o(RESET) refers to stm32f1xx_it.o(i.USART2_IRQHandler) for USART2_IRQHandler
    startup_stm32f103xe.o(RESET) refers to stm32f1xx_it.o(i.USART3_IRQHandler) for USART3_IRQHandler
    startup_stm32f103xe.o(RESET) refers to stm32f1xx_it.o(i.UART4_IRQHandler) for UART4_IRQHandler
    startup_stm32f103xe.o(RESET) refers to stm32f1xx_it.o(i.UART5_IRQHandler) for UART5_IRQHandler
    startup_stm32f103xe.o(.text) refers to system_stm32f1xx.o(i.SystemInit) for SystemInit
    startup_stm32f103xe.o(.text) refers to entry.o(.ARM.Collect$$$$00000000) for __main
    main.o(i.MX_CAN_Init) refers to stm32f1xx_hal_can.o(i.HAL_CAN_Init) for HAL_CAN_Init
    main.o(i.MX_CAN_Init) refers to main.o(.bss) for .bss
    main.o(i.MX_GPIO_Init) refers to stm32f1xx_hal_gpio.o(i.HAL_GPIO_WritePin) for HAL_GPIO_WritePin
    main.o(i.MX_GPIO_Init) refers to stm32f1xx_hal_gpio.o(i.HAL_GPIO_Init) for HAL_GPIO_Init
    main.o(i.MX_TIM2_Init) refers to stm32f1xx_hal_tim.o(i.HAL_TIM_Base_Init) for HAL_TIM_Base_Init
    main.o(i.MX_TIM2_Init) refers to stm32f1xx_hal_tim.o(i.HAL_TIM_ConfigClockSource) for HAL_TIM_ConfigClockSource
    main.o(i.MX_TIM2_Init) refers to stm32f1xx_hal_tim_ex.o(i.HAL_TIMEx_MasterConfigSynchronization) for HAL_TIMEx_MasterConfigSynchronization
    main.o(i.MX_TIM2_Init) refers to main.o(.bss) for .bss
    main.o(i.StartDefaultTask) refers to cmsis_os.o(i.osDelay) for osDelay
    main.o(i.SystemClock_Config) refers to memseta.o(.text) for __aeabi_memclr4
    main.o(i.SystemClock_Config) refers to stm32f1xx_hal_rcc.o(i.HAL_RCC_OscConfig) for HAL_RCC_OscConfig
    main.o(i.SystemClock_Config) refers to stm32f1xx_hal_rcc.o(i.HAL_RCC_ClockConfig) for HAL_RCC_ClockConfig
    main.o(i.SystemClock_Config) refers to stm32f1xx_hal_rcc_ex.o(i.HAL_RCCEx_PeriphCLKConfig) for HAL_RCCEx_PeriphCLKConfig
    main.o(i.main) refers to stm32f1xx_hal.o(i.HAL_Init) for HAL_Init
    main.o(i.main) refers to main.o(i.SystemClock_Config) for SystemClock_Config
    main.o(i.main) refers to main.o(i.MX_GPIO_Init) for MX_GPIO_Init
    main.o(i.main) refers to main.o(i.MX_CAN_Init) for MX_CAN_Init
    main.o(i.main) refers to stm32f1xx_hal_i2c.o(i.HAL_I2C_Init) for HAL_I2C_Init
    main.o(i.main) refers to stm32f1xx_hal_rtc.o(i.HAL_RTC_Init) for HAL_RTC_Init
    main.o(i.main) refers to main.o(i.MX_TIM2_Init) for MX_TIM2_Init
    main.o(i.main) refers to stm32f1xx_hal_uart.o(i.HAL_UART_Init) for HAL_UART_Init
    main.o(i.main) refers to stm32f1xx_hal_usart.o(i.HAL_USART_Init) for HAL_USART_Init
    main.o(i.main) refers to dwt_delay.o(i.DWT_InitDelay) for DWT_InitDelay
    main.o(i.main) refers to memcpya.o(.text) for __aeabi_memcpy4
    main.o(i.main) refers to cmsis_os.o(i.osThreadCreate) for osThreadCreate
    main.o(i.main) refers to cmsis_os.o(i.osKernelStart) for osKernelStart
    main.o(i.main) refers to main.o(.bss) for .bss
    main.o(i.main) refers to main.o(.constdata) for .constdata
    main.o(i.main) refers to main.o(.data) for .data
    main.o(.constdata) refers to main.o(.conststring) for .conststring
    main.o(.constdata) refers to main.o(i.StartDefaultTask) for StartDefaultTask
    main.o(.constdata) refers to dht11.o(i.DHT11_MonitorTask) for DHT11_MonitorTask
[...]
    i.HAL_TIM_PeriodElapsedCallback          0x08001dc2   Section        0  stm32f1xx_hal_tim.o(i.HAL_TIM_PeriodElapsedCallback)
    i.HAL_TIM_TriggerCallback                0x08001dc4   Section        0  stm32f1xx_hal_tim.o(i.HAL_TIM_TriggerCallback)
    i.HAL_UART_ErrorCallback                 0x08001dc6   Section        0  stm32f1xx_hal_uart.o(i.HAL_UART_ErrorCallback)
    i.HAL_UART_IRQHandler                    0x08001dc8   Section        0  stm32f1xx_hal_uart.o(i.HAL_UART_IRQHandler)
    i.HAL_UART_Init                          0x08001ed8   Section        0  stm32f1xx_hal_uart.o(i.HAL_UART_Init)
    i.HAL_UART_MspInit                       0x08001f3c   Section        0  stm32f1xx_hal_msp.o(i.HAL_UART_MspInit)
    i.HAL_UART_RxCpltCallback                0x080020d8   Section        0  stm32f1xx_hal_uart.o(i.HAL_UART_RxCpltCallback)
    i.HAL_UART_TxCpltCallback                0x080020da   Section        0  stm32f1xx_hal_uart.o(i.HAL_UART_TxCpltCallback)
    i.HAL_USART_ErrorCallback                0x080020dc   Section        0  stm32f1xx_hal_usart.o(i.HAL_USART_ErrorCallback)
    i.HAL_USART_IRQHandler                   0x080020e0   Section        0  stm32f1xx_hal_usart.o(i.HAL_USART_IRQHandler)
    i.HAL_USART_Init                         0x08002220   Section        0  stm32f1xx_hal_usart.o(i.HAL_USART_Init)
    i.HAL_USART_MspInit                      0x08002274   Section        0  stm32f1xx_hal_msp.o(i.HAL_USART_MspInit)
    i.HAL_USART_RxCpltCallback               0x080022f4   Section        0  stm32f1xx_hal_usart.o(i.HAL_USART_RxCpltCallback)
    i.HAL_USART_TxCpltCallback               0x080022f6   Section        0  stm32f1xx_hal_usart.o(i.HAL_USART_TxCpltCallback)
    i.HAL_USART_TxRxCpltCallback             0x080022f8   Section        0  stm32f1xx_hal_usart.o(i.HAL_USART_TxRxCpltCallback)
    i.HardFault_Handler                      0x080022fa   Section        0  stm32f1xx_it.o(i.HardFault_Handler)
    i.I2C1_ER_IRQHandler                     0x080022fc   Section        0  stm32f1xx_it.o(i.I2C1_ER_IRQHandler)
    i.I2C1_EV_IRQHandler                     0x08002308   Section        0  stm32f1xx_it.o(i.I2C1_EV_IRQHandler)
    i.I2C_DMAAbort                           0x08002314   Section        0  stm32f1xx_hal_i2c.o(i.I2C_DMAAbort)
    I2C_DMAAbort                             0x08002315   Thumb Code    78  stm32f1xx_hal_i2c.o(i.I2C_DMAAbort)
    i.I2C_ITError                            0x08002364   Section        0  stm32f1xx_hal_i2c.o(i.I2C_ITError)
    I2C_ITError                              0x08002365   Thumb Code   284  stm32f1xx_hal_i2c.o(i.I2C_ITError)
    i.I2C_MasterReceive_BTF                  0x08002488   Section        0  stm32f1xx_hal_i2c.o(i.I2C_MasterReceive_BTF)
    I2C_MasterReceive_BTF                    0x08002489   Thumb Code   194  stm32f1xx_hal_i2c.o(i.I2C_MasterReceive_BTF)
    i.I2C_MasterReceive_RXNE                 0x08002550   Section        0  stm32f1xx_hal_i2c.o(i.I2C_MasterReceive_RXNE)
    I2C_MasterReceive_RXNE                   0x08002551   Thumb Code   174  stm32f1xx_hal_i2c.o(i.I2C_MasterReceive_RXNE)
    i.I2C_MasterTransmit_BTF                 0x080025fe   Section        0  stm32f1xx_hal_i2c.o(i.I2C_MasterTransmit_BTF)
    I2C_MasterTransmit_BTF                   0x080025ff   Thumb Code   128  stm32f1xx_hal_i2c.o(i.I2C_MasterTransmit_BTF)
    i.I2C_MasterTransmit_TXE                 0x08002680   Section        0  stm32f1xx_hal_i2c.o(i.I2C_MasterTransmit_TXE)
    I2C_MasterTransmit_TXE                   0x08002681   Thumb Code   264  stm32f1xx_hal_i2c.o(i.I2C_MasterTransmit_TXE)
    i.I2C_Master_ADDR                        0x08002788   Section        0  stm32f1xx_hal_i2c.o(i.I2C_Master_ADDR)
    I2C_Master_ADDR                          0x08002789   Thumb Code   282  stm32f1xx_hal_i2c.o(i.I2C_Master_ADDR)
    i.I2C_Master_SB                          0x080028a2   Section        0  stm32f1xx_hal_i2c.o(i.I2C_Master_SB)
    I2C_Master_SB                            0x080028a3   Thumb Code    90  stm32f1xx_hal_i2c.o(i.I2C_Master_SB)
    i.I2C_Slave_AF                           0x080028fc   Section        0  stm32f1xx_hal_i2c.o(i.I2C_Slave_AF)
    I2C_Slave_AF                             0x080028fd   Thumb Code   128  stm32f1xx_hal_i2c.o(i.I2C_Slave_AF)
    i.I2C_Slave_STOPF                        0x08002980   Section        0  stm32f1xx_hal_i2c.o(i.I2C_Slave_STOPF)
    I2C_Slave_STOPF                          0x08002981   Thumb Code   214  stm32f1xx_hal_i2c.o(i.I2C_Slave_STOPF)
    i.MX_CAN_Init                            0x08002a5c   Section        0  main.o(i.MX_CAN_Init)
    MX_CAN_Init                              0x08002a5d   Thumb Code    46  main.o(i.MX_CAN_Init)
    i.MX_GPIO_Init                           0x08002a94   Section        0  main.o(i.MX_GPIO_Init)
    MX_GPIO_Init                             0x08002a95   Thumb Code   182  main.o(i.MX_GPIO_Init)
    i.MX_TIM2_Init                           0x08002b5c   Section        0  main.o(i.MX_TIM2_Init)
    MX_TIM2_Init                             0x08002b5d   Thumb Code    76  main.o(i.MX_TIM2_Init)
    i.MemManage_Handler                      0x08002bac   Section        0  stm32f1xx_it.o(i.MemManage_Handler)
    i.NMI_Handler                            0x08002bae   Section        0  stm32f1xx_it.o(i.NMI_Handler)
    i.NVIC_SetPriority                       0x08002bb0   Section        0  stm32f1xx_hal_cortex.o(i.NVIC_SetPriority)
    NVIC_SetPriority                         0x08002bb1   Thumb Code    32  stm32f1xx_hal_cortex.o(i.NVIC_SetPriority)
    i.RTC_EnterInitMode                      0x08002bd0   Section        0  stm32f1xx_hal_rtc.o(i.RTC_EnterInitMode)
    RTC_EnterInitMode                        0x08002bd1   Thumb Code    52  stm32f1xx_hal_rtc.o(i.RTC_EnterInitMode)
    i.RTC_ExitInitMode                       0x08002c04   Section        0  stm32f1xx_hal_rtc.o(i.RTC_ExitInitMode)
    RTC_ExitInitMode                         0x08002c05   Thumb Code    54  stm32f1xx_hal_rtc.o(i.RTC_ExitInitMode)
    i.StartDefaultTask                       0x08002c3a   Section        0  main.o(i.StartDefaultTask)
    i.SysTick_Handler                        0x08002c42   Section        0  stm32f1xx_it.o(i.SysTick_Handler)
    i.SystemClock_Config                     0x08002c50   Section        0  main.o(i.SystemClock_Config)
    i.SystemInit                             0x08002cb8   Section        0  system_stm32f1xx.o(i.SystemInit)
    i.TIM2_IRQHandler                        0x08002d00   Section        0  stm32f1xx_it.o(i.TIM2_IRQHandler)
    i.TIM_Base_SetConfig                     0x08002d0c   Section        0  stm32f1xx_hal_tim.o(i.TIM_Base_SetConfig)
    i.TIM_ETR_SetConfig                      0x08002d98   Section        0  stm32f1xx_hal_tim.o(i.TIM_ETR_SetConfig)
    TIM_ETR_SetConfig                        0x08002d99   Thumb Code    20  stm32f1xx_hal_tim.o(i.TIM_ETR_SetConfig)
    i.TIM_ITRx_SetConfig                     0x08002dac   Section        0  stm32f1xx_hal_tim.o(i.TIM_ITRx_SetConfig)
    TIM_ITRx_SetConfig                       0x08002dad   Thumb Code    16  stm32f1xx_hal_tim.o(i.TIM_ITRx_SetConfig)
    i.TIM_TI1_ConfigInputStage               0x08002dbc   Section        0  stm32f1xx_hal_tim.o(i.TIM_TI1_ConfigInputStage)
    TIM_TI1_ConfigInputStage                 0x08002dbd   Thumb Code    34  stm32f1xx_hal_tim.o(i.TIM_TI1_ConfigInputStage)
    i.TIM_TI2_ConfigInputStage               0x08002dde   Section        0  stm32f1xx_hal_tim.o(i.TIM_TI2_ConfigInputStage)
    TIM_TI2_ConfigInputStage                 0x08002ddf   Thumb Code    36  stm32f1xx_hal_tim.o(i.TIM_TI2_ConfigInputStage)
    i.UART4_IRQHandler                       0x08002e04   Section        0  stm32f1xx_it.o(i.UART4_IRQHandler)
    i.UART5_IRQHandler                       0x08002e10   Section        0  stm32f1xx_it.o(i.UART5_IRQHandler)
    i.UART_DMAAbortOnError                   0x08002e1c   Section        0  stm32f1xx_hal_uart.o(i.UART_DMAAbortOnError)
    UART_DMAAbortOnError                     0x08002e1d   Thumb Code    16  stm32f1xx_hal_uart.o(i.UART_DMAAbortOnError)
    i.UART_EndRxTransfer                     0x08002e2c   Section        0  stm32f1xx_hal_uart.o(i.UART_EndRxTransfer)
    UART_EndRxTransfer                       0x08002e2d   Thumb Code    28  stm32f1xx_hal_uart.o(i.UART_EndRxTransfer)
    i.UART_Receive_IT                        0x08002e48   Section        0  stm32f1xx_hal_uart.o(i.UART_Receive_IT)
    UART_Receive_IT                          0x08002e49   Thumb Code   150  stm32f1xx_hal_uart.o(i.UART_Receive_IT)
    i.UART_SetConfig                         0x08002ee0   Section        0  stm32f1xx_hal_uart.o(i.UART_SetConfig)
    UART_SetConfig                           0x08002ee1   Thumb Code   364  stm32f1xx_hal_uart.o(i.UART_SetConfig)
    i.UART_Transmit_IT                       0x08003050   Section        0  stm32f1xx_hal_uart.o(i.UART_Transmit_IT)
    UART_Transmit_IT                         0x08003051   Thumb Code    98  stm32f1xx_hal_uart.o(i.UART_Transmit_IT)
    i.USART1_IRQHandler                      0x080030b4   Section        0  stm32f1xx_it.o(i.USART1_IRQHandler)
    i.USART2_IRQHandler                      0x080030c0   Section        0  stm32f1xx_it.o(i.USART2_IRQHandler)
    i.USART3_IRQHandler                      0x080030cc   Section        0  stm32f1xx_it.o(i.USART3_IRQHandler)
    i.USART_DMAAbortOnError                  0x080030d8   Section        0  stm32f1xx_hal_usart.o(i.USART_DMAAbortOnError)
    USART_DMAAbortOnError                    0x080030d9   Thumb Code    16  stm32f1xx_hal_usart.o(i.USART_DMAAbortOnError)
    i.USART_EndRxTransfer                    0x080030e8   Section        0  stm32f1xx_hal_usart.o(i.USART_EndRxTransfer)
    USART_EndRxTransfer                      0x080030e9   Thumb Code    28  stm32f1xx_hal_usart.o(i.USART_EndRxTransfer)
    i.USART_Receive_IT                       0x08003104   Section        0  stm32f1xx_hal_usart.o(i.USART_Receive_IT)
    USART_Receive_IT                         0x08003105   Thumb Code   176  stm32f1xx_hal_usart.o(i.USART_Receive_IT)
    i.USART_SetConfig                        0x080031b4   Section        0  stm32f1xx_hal_usart.o(i.USART_SetConfig)
    USART_SetConfig                          0x080031b5   Thumb Code   242  stm32f1xx_hal_usart.o(i.USART_SetConfig)
    i.USART_TransmitReceive_IT               0x080032ac   Section        0  stm32f1xx_hal_usart.o(i.USART_TransmitReceive_IT)
    USART_TransmitReceive_IT                 0x080032ad   Thumb Code   232  stm32f1xx_hal_usart.o(i.USART_TransmitReceive_IT)
    i.USART_Transmit_IT                      0x08003394   Section        0  stm32f1xx_hal_usart.o(i.USART_Transmit_IT)
    USART_Transmit_IT                        0x08003395   Thumb Code    98  stm32f1xx_hal_usart.o(i.USART_Transmit_IT)
    i.USB_HP_CAN1_TX_IRQHandler              0x080033f8   Section        0  stm32f1xx_it.o(i.USB_HP_CAN1_TX_IRQHandler)
    i.USB_LP_CAN1_RX0_IRQHandler             0x08003404   Section        0  stm32f1xx_it.o(i.USB_LP_CAN1_RX0_IRQHandler)
    i.UsageFault_Handler                     0x08003410   Section        0  stm32f1xx_it.o(i.UsageFault_Handler)
    i.__scatterload_copy                     0x08003412   Section       14  handlers.o(i.__scatterload_copy)
    i.__scatterload_null                     0x08003420   Section        2  handlers.o(i.__scatterload_null)
    i.__scatterload_zeroinit                 0x08003422   Section       14  handlers.o(i.__scatterload_zeroinit)
    i.configureTimerForRunTimeStats          0x08003430   Section        0  freertos.o(i.configureTimerForRunTimeStats)
    i.getRunTimeCounterValue                 0x08003432   Section        0  freertos.o(i.getRunTimeCounterValue)
    i.main                                   0x08003438   Section        0  main.o(i.main)
    i.makeFreeRtosPriority                   0x08003574   Section        0  cmsis_os.o(i.makeFreeRtosPriority)
    makeFreeRtosPriority                     0x08003575   Thumb Code    12  cmsis_os.o(i.makeFreeRtosPriority)
    i.osDelay                                0x08003580   Section        0  cmsis_os.o(i.osDelay)
    i.osKernelStart                          0x0800358e   Section        0  cmsis_os.o(i.osKernelStart)
    i.osSystickHandler                       0x08003598   Section        0  cmsis_os.o(i.osSystickHandler)
    i.osThreadCreate                         0x080035ac   Section        0  cmsis_os.o(i.osThreadCreate)
    i.prvAddCurrentTaskToDelayedList         0x080035dc   Section        0  tasks.o(i.prvAddCurrentTaskToDelayedList)
    prvAddCurrentTaskToDelayedList           0x080035dd   Thumb Code   102  tasks.o(i.prvAddCurrentTaskToDelayedList)
    i.prvAddNewTaskToReadyList               0x0800364c   Section        0  tasks.o(i.prvAddNewTaskToReadyList)
    prvAddNewTaskToReadyList                 0x0800364d   Thumb Code   196  tasks.o(i.prvAddNewTaskToReadyList)
    i.prvCheckForValidListAndQueue           0x0800371c   Section        0  timers.o(i.prvCheckForValidListAndQueue)
    prvCheckForValidListAndQueue             0x0800371d   Thumb Code    62  timers.o(i.prvCheckForValidListAndQueue)
    i.prvCheckTasksWaitingTermination        0x0800376c   Section        0  tasks.o(i.prvCheckTasksWaitingTermination)
    prvCheckTasksWaitingTermination          0x0800376d   Thumb Code    70  tasks.o(i.prvCheckTasksWaitingTermination)
    i.prvCopyDataFromQueue                   0x080037bc   Section        0  queue.o(i.prvCopyDataFromQueue)
    prvCopyDataFromQueue                     0x080037bd   Thumb Code    38  queue.o(i.prvCopyDataFromQueue)
    i.prvCopyDataToQueue                     0x080037e2   Section        0  queue.o(i.prvCopyDataToQueue)
    prvCopyDataToQueue                       0x080037e3   Thumb Code   108  queue.o(i.prvCopyDataToQueue)
    i.prvDeleteTCB                           0x0800384e   Section        0  tasks.o(i.prvDeleteTCB)
    prvDeleteTCB                             0x0800384f   Thumb Code    20  tasks.o(i.prvDeleteTCB)
    i.prvIdleTask                            0x08003864   Section        0  tasks.o(i.prvIdleTask)
    prvIdleTask                              0x08003865   Thumb Code    34  tasks.o(i.prvIdleTask)
    i.prvInitialiseNewTask                   0x08003890   Section        0  tasks.o(i.prvInitialiseNewTask)
    prvInitialiseNewTask                     0x08003891   Thumb Code   158  tasks.o(i.prvInitialiseNewTask)
    i.prvInsertTimerInActiveList             0x08003930   Section        0  timers.o(i.prvInsertTimerInActiveList)
    prvInsertTimerInActiveList               0x08003931   Thumb Code    52  timers.o(i.prvInsertTimerInActiveList)
    i.prvIsQueueEmpty                        0x08003968   Section        0  queue.o(i.prvIsQueueEmpty)
    prvIsQueueEmpty                          0x08003969   Thumb Code    28  queue.o(i.prvIsQueueEmpty)
    i.prvProcessReceivedCommands             0x08003984   Section        0  timers.o(i.prvProcessReceivedCommands)
    prvProcessReceivedCommands               0x08003985   Thumb Code   180  timers.o(i.prvProcessReceivedCommands)
    i.prvProcessTimerOrBlockTask             0x08003a3c   Section        0  timers.o(i.prvProcessTimerOrBlockTask)
    prvProcessTimerOrBlockTask               0x08003a3d   Thumb Code   172  timers.o(i.prvProcessTimerOrBlockTask)
    i.prvResetNextTaskUnblockTime            0x08003af0   Section        0  tasks.o(i.prvResetNextTaskUnblockTime)
    prvResetNextTaskUnblockTime              0x08003af1   Thumb Code    26  tasks.o(i.prvResetNextTaskUnblockTime)
    i.prvSampleTimeNow                       0x08003b10   Section        0  timers.o(i.prvSampleTimeNow)
    prvSampleTimeNow                         0x08003b11   Thumb Code    36  timers.o(i.prvSampleTimeNow)
    i.prvSwitchTimerLists                    0x08003b38   Section        0  timers.o(i.prvSwitchTimerLists)
    prvSwitchTimerLists                      0x08003b39   Thumb Code   102  timers.o(i.prvSwitchTimerLists)
    i.prvTaskExitError                       0x08003ba4   Section        0  port.o(i.prvTaskExitError)
    prvTaskExitError                         0x08003ba5   Thumb Code    36  port.o(i.prvTaskExitError)
    i.prvTimerTask                           0x08003bcc   Section        0  timers.o(i.prvTimerTask)
    prvTimerTask                             0x08003bcd   Thumb Code    32  timers.o(i.prvTimerTask)
    i.prvUnlockQueue                         0x08003bf0   Section        0  queue.o(i.prvUnlockQueue)
    prvUnlockQueue                           0x08003bf1   Thumb Code   106  queue.o(i.prvUnlockQueue)
    i.pvPortMalloc                           0x08003c5c   Section        0  heap_1.o(i.pvPortMalloc)
    i.pvTaskIncrementMutexHeldCount          0x08003cb4   Section        0  tasks.o(i.pvTaskIncrementMutexHeldCount)
    i.pxPortInitialiseStack                  0x08003ccc   Section        0  port.o(i.pxPortInitialiseStack)
    i.uxListRemove                           0x08003cf0   Section        0  list.o(i.uxListRemove)
    i.vApplicationIdleHook                   0x08003d14   Section        0  freertos.o(i.vApplicationIdleHook)
    i.vApplicationMallocFailedHook           0x08003d16   Section        0  freertos.o(i.vApplicationMallocFailedHook)
    i.vApplicationStackOverflowHook          0x08003d18   Section        0  freertos.o(i.vApplicationStackOverflowHook)
    i.vApplicationTickHook                   0x08003d1a   Section        0  freertos.o(i.vApplicationTickHook)
    i.vListInitialise                        0x08003d1c   Section        0  list.o(i.vListInitialise)
    i.vListInitialiseItem                    0x08003d32   Section        0  list.o(i.vListInitialiseItem)
    i.vListInsert                            0x08003d38   Section        0  list.o(i.vListInsert)
    i.vListInsertEnd                         0x08003d68   Section        0  list.o(i.vListInsertEnd)
    i.vPortEnterCritical                     0x08003d80   Section        0  port.o(i.vPortEnterCritical)
    i.vPortExitCritical                      0x08003dc0   Section        0  port.o(i.vPortExitCritical)
    i.vPortFree                              0x08003de8   Section        0  heap_1.o(i.vPortFree)
    i.vPortSetupTimerInterrupt               0x08003e00   Section        0  port.o(i.vPortSetupTimerInterrupt)
    i.vPortValidateInterruptPriority         0x08003e20   Section        0  port.o(i.vPortValidateInterruptPriority)
    i.vQueueAddToRegistry                    0x08003e74   Section        0  queue.o(i.vQueueAddToRegistry)
    i.vQueueWaitForMessageRestricted         0x08003e9c   Section        0  queue.o(i.vQueueWaitForMessageRestricted)
    i.vTaskDelay                             0x08003ee0   Section        0  tasks.o(i.vTaskDelay)
    i.vTaskMissedYield                       0x08003f2c   Section        0  tasks.o(i.vTaskMissedYield)
    i.vTaskPlaceOnEventList                  0x08003f38   Section        0  tasks.o(i.vTaskPlaceOnEventList)
    i.vTaskPlaceOnEventListRestricted        0x08003f68   Section        0  tasks.o(i.vTaskPlaceOnEventListRestricted)
    i.vTaskPriorityInherit                   0x08003fa0   Section        0  tasks.o(i.vTaskPriorityInherit)
    i.vTaskSetTimeOutState                   0x08004024   Section        0  tasks.o(i.vTaskSetTimeOutState)
    i.vTaskStartScheduler                    0x08004048   Section        0  tasks.o(i.vTaskStartScheduler)
    i.vTaskSuspendAll                        0x080040bc   Section        0  tasks.o(i.vTaskSuspendAll)
    i.vTaskSwitchContext                     0x080040cc   Section        0  tasks.o(i.vTaskSwitchContext)
    i.xPortStartScheduler                    0x08004158   Section        0  port.o(i.xPortStartScheduler)
    i.xPortSysTickHandler                    0x080041cc   Section        0  port.o(i.xPortSysTickHandler)
    i.xQueueGenericCreate                    0x080041f8   Section        0  queue.o(i.xQueueGenericCreate)
    i.xQueueGenericReceive                   0x0800424c   Section        0  queue.o(i.xQueueGenericReceive)
    i.xQueueGenericReset                     0x080043b8   Section        0  queue.o(i.xQueueGenericReset)
    i.xQueueGenericSend                      0x08004440   Section        0  queue.o(i.xQueueGenericSend)
    i.xQueueGenericSendFromISR               0x080045a0   Section        0  queue.o(i.xQueueGenericSendFromISR)
    i.xTaskCheckForTimeOut                   0x0800465c   Section        0  tasks.o(i.xTaskCheckForTimeOut)
    i.xTaskCreate                            0x080046c8   Section        0  tasks.o(i.xTaskCreate)
    i.xTaskGetSchedulerState                 0x08004720   Section        0  tasks.o(i.xTaskGetSchedulerState)
    i.xTaskGetTickCount                      0x0800473c   Section        0  tasks.o(i.xTaskGetTickCount)
    i.xTaskIncrementTick                     0x08004748   Section        0  tasks.o(i.xTaskIncrementTick)
    i.xTaskPriorityDisinherit                0x0800481c   Section        0  tasks.o(i.xTaskPriorityDisinherit)
    i.xTaskRemoveFromEventList               0x080048b4   Section        0  tasks.o(i.xTaskRemoveFromEventList)
    i.xTaskResumeAll                         0x08004928   Section        0  tasks.o(i.xTaskResumeAll)
    i.xTimerCreateTimerTask                  0x080049ec   Section        0  timers.o(i.xTimerCreateTimerTask)
    i.xTimerGenericCommand                   0x08004a34   Section        0  timers.o(i.xTimerGenericCommand)
    .constdata                               0x08004a94   Section       40  main.o(.constdata)
    .constdata                               0x08004abc   Section       16  system_stm32f1xx.o(.constdata)
    .constdata                               0x08004acc   Section        8  system_stm32f1xx.o(.constdata)
    .conststring                             0x08004ad4   Section       24  main.o(.conststring)
    .data                                    0x20000000   Section        8  main.o(.data)
    .data                                    0x20000008   Section       12  stm32f1xx_hal.o(.data)
    .data                                    0x20000014   Section        4  system_stm32f1xx.o(.data)
    .data                                    0x20000018   Section       68  tasks.o(.data)
    uxDeletedTasksWaitingCleanUp             0x2000001c   Data           4  tasks.o(.data)
    uxCurrentNumberOfTasks                   0x20000020   Data           4  tasks.o(.data)
    xTickCount                               0x20000024   Data           4  tasks.o(.data)
    uxTopReadyPriority                       0x20000028   Data           4  tasks.o(.data)
    xSchedulerRunning                        0x2000002c   Data           4  tasks.o(.data)
    uxPendedTicks                            0x20000030   Data           4  tasks.o(.data)
    xYieldPending                            0x20000034   Data           4  tasks.o(.data)
    xNumOfOverflows                          0x20000038   Data           4  tasks.o(.data)
    uxTaskNumber                             0x2000003c   Data           4  tasks.o(.data)
    xNextTaskUnblockTime                     0x20000040   Data           4  tasks.o(.data)
    xIdleTaskHandle                          0x20000044   Data           4  tasks.o(.data)
    uxSchedulerSuspended                     0x20000048   Data           4  tasks.o(.data)
    ulTaskSwitchedInTime                     0x2000004c   Data           4  tasks.o(.data)
    ulTotalRunTime                           0x20000050   Data           4  tasks.o(.data)
    pxDelayedTaskList                        0x20000054   Data           4  tasks.o(.data)
    pxOverflowDelayedTaskList                0x20000058   Data           4  tasks.o(.data)
    .data                                    0x2000005c   Section       20  timers.o(.data)
    xTimerQueue                              0x2000005c   Data           4  timers.o(.data)
    xTimerTaskHandle                         0x20000060   Data           4  timers.o(.data)
    xLastTime                                0x20000064   Data           4  timers.o(.data)
    pxCurrentTimerList                       0x20000068   Data           4  timers.o(.data)
    pxOverflowTimerList                      0x2000006c   Data           4  timers.o(.data)
    .data                                    0x20000070   Section        8  heap_1.o(.data)
    xNextFreeByte                            0x20000070   Data           4  heap_1.o(.data)
    pucAlignedHeap                           0x20000074   Data           4  heap_1.o(.data)
    .data                                    0x20000078   Section       12  port.o(.data)
    ucMaxSysCallPriority                     0x20000078   Data           1  port.o(.data)
    uxCriticalNesting                        0x2000007c   Data           4  port.o(.data)
    ulMaxPRIGROUPValue                       0x20000080   Data           4  port.o(.data)
    .bss                                     0x20000084   Section      532  main.o(.bss)
    .bss                                     0x20000298   Section       64  queue.o(.bss)
    .bss                                     0x200002d8   Section      240  tasks.o(.bss)
    pxReadyTasksLists                        0x200002d8   Data         140  tasks.o(.bss)
    xDelayedTaskList1                        0x20000364   Data          20  tasks.o(.bss)
    xDelayedTaskList2                        0x20000378   Data          20  tasks.o(.bss)
    xPendingReadyList                        0x2000038c   Data          20  tasks.o(.bss)
    xTasksWaitingTermination                 0x200003a0   Data          20  tasks.o(.bss)
    xSuspendedTaskList                       0x200003b4   Data          20  tasks.o(.bss)
    .bss                                     0x200003c8   Section       40  timers.o(.bss)
    xActiveTimerList1                        0x200003c8   Data          20  timers.o(.bss)
    xActiveTimerList2                        0x200003dc   Data          20  timers.o(.bss)
    .bss                                     0x200003f0   Section     4072  heap_1.o(.bss)
    ucHeap                                   0x200003f0   Data        4072  heap_1.o(.bss)
    STACK                                    0x200013d8   Section     1024  startup_stm32f103xe.o(STACK)

    Global Symbols

    Symbol Name                              Value     Ov Type        Size  Object(Section)

    BuildAttributes$$THM_ISAv4$P$D$K$B$S$PE$A:L22UL41UL21$X:L11$S22US41US21$IEEE1$IW$USESV6$~STKCKD$USESV7$~SHL$OSPACE$ROPI$EBA8$MICROLIB$REQ8$PRES8$EABIv2 0x00000000   Number         0  anon$$obj.o ABSOLUTE
    __ARM_use_no_argv                        0x00000000   Number         0  main.o ABSOLUTE
    _printf_a                                0x00000000   Number         0  stubs.o ABSOLUTE
    _printf_c                                0x00000000   Number         0  stubs.o ABSOLUTE
    _printf_charcount                        0x00000000   Number         0  stubs.o ABSOLUTE
    _printf_d                                0x00000000   Number         0  stubs.o ABSOLUTE
    _printf_e                                0x00000000   Number         0  stubs.o ABSOLUTE
    _printf_f                                0x00000000   Number         0  stubs.o ABSOLUTE
    _printf_flags                            0x00000000   Number         0  stubs.o ABSOLUTE
    _printf_fp_dec                           0x00000000   Number         0  stubs.o ABSOLUTE
    _printf_fp_hex                           0x00000000   Number         0  stubs.o ABSOLUTE
    _printf_g                                0x00000000   Number         0  stubs.o ABSOLUTE
    _printf_i                                0x00000000   Number         0  stubs.o ABSOLUTE
    _printf_int_dec                          0x00000000   Number         0  stubs.o ABSOLUTE
    _printf_l                                0x00000000   Number         0  stubs.o ABSOLUTE
    _printf_lc                               0x00000000   Number         0  stubs.o ABSOLUTE
    _printf_ll                               0x00000000   Number         0  stubs.o ABSOLUTE
    _printf_lld                              0x00000000   Number         0  stubs.o ABSOLUTE
    _printf_lli                              0x00000000   Number         0  stubs.o ABSOLUTE
    _printf_llo                              0x00000000   Number         0  stubs.o ABSOLUTE
    _printf_llu                              0x00000000   Number         0  stubs.o ABSOLUTE
    _printf_llx                              0x00000000   Number         0  stubs.o ABSOLUTE
    _printf_longlong_dec                     0x00000000   Number         0  stubs.o ABSOLUTE
    _printf_longlong_hex                     0x00000000   Number         0  stubs.o ABSOLUTE
    _printf_longlong_oct                     0x00000000   Number         0  stubs.o ABSOLUTE
    _printf_ls                               0x00000000   Number         0  stubs.o ABSOLUTE
    _printf_mbtowc                           0x00000000   Number         0  stubs.o ABSOLUTE
    _printf_n                                0x00000000   Number         0  stubs.o ABSOLUTE
    _printf_o                                0x00000000   Number         0  stubs.o ABSOLUTE
    _printf_p                                0x00000000   Number         0  stubs.o ABSOLUTE
    _printf_percent                          0x00000000   Number         0  stubs.o ABSOLUTE
    _printf_pre_padding                      0x00000000   Number         0  stubs.o ABSOLUTE
    _printf_return_value                     0x00000000   Number         0  stubs.o ABSOLUTE
    _printf_s                                0x00000000   Number         0  stubs.o ABSOLUTE
    _printf_sizespec                         0x00000000   Number         0  stubs.o ABSOLUTE
    _printf_str                              0x00000000   Number         0  stubs.o ABSOLUTE
    _printf_truncate_signed                  0x00000000   Number         0  stubs.o ABSOLUTE
    _printf_truncate_unsigned                0x00000000   Number         0  stubs.o ABSOLUTE
    _printf_u                                0x00000000   Number         0  stubs.o ABSOLUTE
    _printf_wc                               0x00000000   Number         0  stubs.o ABSOLUTE
    _printf_wctomb                           0x00000000   Number         0  stubs.o ABSOLUTE
    _printf_widthprec                        0x00000000   Number         0  stubs.o ABSOLUTE
    _printf_x                                0x00000000   Number         0  stubs.o ABSOLUTE
    __cpp_initialize__aeabi_                  - Undefined Weak Reference
    __cxa_finalize                            - Undefined Weak Reference
    __decompress                              - Undefined Weak Reference
    _clock_init                               - Undefined Weak Reference
    _microlib_exit                            - Undefined Weak Reference
    __Vectors_Size                           0x00000130   Number         0  startup_stm32f103xe.o ABSOLUTE
    __Vectors                                0x08000000   Data           4  startup_stm32f103xe.o(RESET)
    __Vectors_End                            0x08000130   Data           0  startup_stm32f103xe.o(RESET)
    __main                                   0x08000131   Thumb Code     0  entry.o(.ARM.Collect$$$$00000000)
    _main_stk                                0x08000131   Thumb Code     0  entry2.o(.ARM.Collect$$$$00000001)
    _main_scatterload                        0x08000135   Thumb Code     0  entry5.o(.ARM.Collect$$$$00000004)
    __main_after_scatterload                 0x08000139   Thumb Code     0  entry5.o(.ARM.Collect$$$$00000004)
    _main_clock                              0x08000139   Thumb Code     0  entry7b.o(.ARM.Collect$$$$00000008)
    _main_cpp_init                           0x08000139   Thumb Code     0  entry8b.o(.ARM.Collect$$$$0000000A)
    _main_init                               0x08000139   Thumb Code     0  entry9a.o(.ARM.Collect$$$$0000000B)
    __rt_final_cpp                           0x08000141   Thumb Code     0  entry10a.o(.ARM.Collect$$$$0000000D)
    __rt_final_exit                          0x08000141   Thumb Code     0  entry11a.o(.ARM.Collect$$$$0000000F)
    SVC_Handler                              0x08000145   Thumb Code    32  port.o(.emb_text)
    __asm___6_port_c_39a90d8d__prvStartFirstTask 0x08000169   Thumb Code    28  port.o(.emb_text)
    PendSV_Handler                           0x08000189   Thumb Code    72  port.o(.emb_text)
    vPortGetIPSR                             0x080001d5   Thumb Code     6  port.o(.emb_text)
    Reset_Handler                            0x080001dd   Thumb Code     8  startup_stm32f103xe.o(.text)
    ADC1_2_IRQHandler                        0x080001f7   Thumb Code     0  startup_stm32f103xe.o(.text)
    ADC3_IRQHandler                          0x080001f7   Thumb Code     0  startup_stm32f103xe.o(.text)
    CAN1_RX1_IRQHandler                      0x080001f7   Thumb Code     0  startup_stm32f103xe.o(.text)
    CAN1_SCE_IRQHandler                      0x080001f7   Thumb Code     0  startup_stm32f103xe.o(.text)
    DMA1_Channel1_IRQHandler                 0x080001f7   Thumb Code     0  startup_stm32f103xe.o(.text)
    DMA1_Channel2_IRQHandler                 0x080001f7   Thumb Code     0  startup_stm32f103xe.o(.text)
    DMA1_Channel3_IRQHandler                 0x080001f7   Thumb Code     0  startup_stm32f103xe.o(.text)
    DMA1_Channel4_IRQHandler                 0x080001f7   Thumb Code     0  startup_stm32f103xe.o(.text)
    DMA1_Channel5_IRQHandler                 0x080001f7   Thumb Code     0  startup_stm32f103xe.o(.text)
    DMA1_Channel6_IRQHandler                 0x080001f7   Thumb Code     0  startup_stm32f103xe.o(.text)
    DMA1_Channel7_IRQHandler                 0x080001f7   Thumb Code     0  startup_stm32f103xe.o(.text)
    DMA2_Channel1_IRQHandler                 0x080001f7   Thumb Code     0  startup_stm32f103xe.o(.text)
    DMA2_Channel2_IRQHandler                 0x080001f7   Thumb Code     0  startup_stm32f103xe.o(.text)
    DMA2_Channel3_IRQHandler                 0x080001f7   Thumb Code     0  startup_stm32f103xe.o(.text)
    DMA2_Channel4_5_IRQHandler               0x080001f7   Thumb Code     0  startup_stm32f103xe.o(.text)
    EXTI0_IRQHandler                         0x080001f7   Thumb Code     0  startup_stm32f103xe.o(.text)
    EXTI15_10_IRQHandler                     0x080001f7   Thumb Code     0  startup_stm32f103xe.o(.text)
    EXTI1_IRQHandler                         0x080001f7   Thumb Code     0  startup_stm32f103xe.o(.text)
    EXTI2_IRQHandler                         0x080001f7   Thumb Code     0  startup_stm32f103xe.o(.text)
    EXTI3_IRQHandler                         0x080001f7   Thumb Code     0  startup_stm32f103xe.o(.text)
    EXTI4_IRQHandler                         0x080001f7   Thumb Code     0  startup_stm32f103xe.o(.text)
    EXTI9_5_IRQHandler                       0x080001f7   Thumb Code     0  startup_stm32f103xe.o(.text)
    FLASH_IRQHandler                         0x080001f7   Thumb Code     0  startup_stm32f103xe.o(.text)
    FSMC_IRQHandler                          0x080001f7   Thumb Code     0  startup_stm32f103xe.o(.text)
    I2C2_ER_IRQHandler                       0x080001f7   Thumb Code     0  startup_stm32f103xe.o(.text)
    I2C2_EV_IRQHandler                       0x080001f7   Thumb Code     0  startup_stm32f103xe.o(.text)
    PVD_IRQHandler                           0x080001f7   Thumb Code     0  startup_stm32f103xe.o(.text)
    RCC_IRQHandler                           0x080001f7   Thumb Code     0  startup_stm32f103xe.o(.text)
    RTC_Alarm_IRQHandler                     0x080001f7   Thumb Code     0  startup_stm32f103xe.o(.text)
    RTC_IRQHandler                           0x080001f7   Thumb Code     0  startup_stm32f103xe.o(.text)
    SDIO_IRQHandler                          0x080001f7   Thumb Code     0  startup_stm32f103xe.o(.text)
    SPI1_IRQHandler                          0x080001f7   Thumb Code     0  startup_stm32f103xe.o(.text)
    SPI2_IRQHandler                          0x080001f7   Thumb Code     0  startup_stm32f103xe.o(.text)
    SPI3_IRQHandler                          0x080001f7   Thumb Code     0  startup_stm32f103xe.o(.text)
    TAMPER_IRQHandler                        0x080001f7   Thumb Code     0  startup_stm32f103xe.o(.text)
    TIM1_BRK_IRQHandler                      0x080001f7   Thumb Code     0  startup_stm32f103xe.o(.text)
    TIM1_CC_IRQHandler                       0x080001f7   Thumb Code     0  startup_stm32f103xe.o(.text)
    TIM1_TRG_COM_IRQHandler                  0x080001f7   Thumb Code     0  startup_stm32f103xe.o(.text)
    TIM1_UP_IRQHandler                       0x080001f7   Thumb Code     0  startup_stm32f103xe.o(.text)
    TIM3_IRQHandler                          0x080001f7   Thumb Code     0  startup_stm32f103xe.o(.text)
    TIM4_IRQHandler                          0x080001f7   Thumb Code     0  startup_stm32f103xe.o(.text)
    TIM5_IRQHandler                          0x080001f7   Thumb Code     0  startup_stm32f103xe.o(.text)
    TIM6_IRQHandler                          0x080001f7   Thumb Code     0  startup_stm32f103xe.o(.text)
    TIM7_IRQHandler                          0x080001f7   Thumb Code     0  startup_stm32f103xe.o(.text)
    TIM8_BRK_IRQHandler                      0x080001f7   Thumb Code     0  startup_stm32f103xe.o(.text)
    TIM8_CC_IRQHandler                       0x080001f7   Thumb Code     0  startup_stm32f103xe.o(.text)
    TIM8_TRG_COM_IRQHandler                  0x080001f7   Thumb Code     0  startup_stm32f103xe.o(.text)
    TIM8_UP_IRQHandler                       0x080001f7   Thumb Code     0  startup_stm32f103xe.o(.text)
    USBWakeUp_IRQHandler                     0x080001f7   Thumb Code     0  startup_stm32f103xe.o(.text)
    WWDG_IRQHandler                          0x080001f7   Thumb Code     0  startup_stm32f103xe.o(.text)
    __aeabi_memcpy                           0x08000201   Thumb Code    36  memcpya.o(.text)
    __aeabi_memcpy4                          0x08000201   Thumb Code     0  memcpya.o(.text)
    __aeabi_memcpy8                          0x08000201   Thumb Code     0  memcpya.o(.text)
    __aeabi_memset                           0x08000225   Thumb Code    14  memseta.o(.text)
    __aeabi_memset4                          0x08000225   Thumb Code     0  memseta.o(.text)
    __aeabi_memset8                          0x08000225   Thumb Code     0  memseta.o(.text)
    __aeabi_memclr                           0x08000233   Thumb Code     4  memseta.o(.text)
    __aeabi_memclr4                          0x08000233   Thumb Code     0  memseta.o(.text)
    __aeabi_memclr8                          0x08000233   Thumb Code     0  memseta.o(.text)
    _memset$wrapper                          0x08000237   Thumb Code    18  memseta.o(.text)
    __scatterload                            0x08000249   Thumb Code    28  init.o(.text)
    __scatterload_rt2                        0x08000249   Thumb Code     0  init.o(.text)
    BusFault_Handler                         0x0800026d   Thumb Code     2  stm32f1xx_it.o(i.BusFault_Handler)
    DHT11_Check                              0x08000271   Thumb Code    84  dht11.o(i.DHT11_Check)
    DHT11_IOIn                               0x080002c9   Thumb Code    40  dht11.o(i.DHT11_IOIn)
    DHT11_IOOut                              0x080002f5   Thumb Code    44  dht11.o(i.DHT11_IOOut)
    DHT11_Init                               0x08000325   Thumb Code    14  dht11.o(i.DHT11_Init)
    DHT11_MonitorTask                        0x08000333   Thumb Code    32  dht11.o(i.DHT11_MonitorTask)
    DHT11_Read_Bit                           0x08000355   Thumb Code    82  dht11.o(i.DHT11_Read_Bit)
    DHT11_Read_Byte                          0x080003ad   Thumb Code    26  dht11.o(i.DHT11_Read_Byte)
    DHT11_Read_Data                          0x080003c7   Thumb Code    80  dht11.o(i.DHT11_Read_Data)
    DHT11_Rst                                0x08000419   Thumb Code    44  dht11.o(i.DHT11_Rst)
    DWT_InitDelay                            0x08000475   Thumb Code    58  dwt_delay.o(i.DWT_InitDelay)
    DebugMon_Handler                         0x080004b9   Thumb Code     2  stm32f1xx_it.o(i.DebugMon_Handler)
    HAL_CAN_ErrorCallback                    0x080004bb   Thumb Code     2  stm32f1xx_hal_can.o(i.HAL_CAN_ErrorCallback)
    HAL_CAN_IRQHandler                       0x080004bd   Thumb Code   508  stm32f1xx_hal_can.o(i.HAL_CAN_IRQHandler)
    HAL_CAN_Init                             0x080006b9   Thumb Code   282  stm32f1xx_hal_can.o(i.HAL_CAN_Init)
    HAL_CAN_MspInit                          0x080007d5   Thumb Code   128  stm32f1xx_hal_msp.o(i.HAL_CAN_MspInit)
    HAL_CAN_RxFifo0FullCallback              0x08000861   Thumb Code     2  stm32f1xx_hal_can.o(i.HAL_CAN_RxFifo0FullCallback)
    HAL_CAN_RxFifo0MsgPendingCallback        0x08000863   Thumb Code     2  stm32f1xx_hal_can.o(i.HAL_CAN_RxFifo0MsgPendingCallback)
    HAL_CAN_RxFifo1FullCallback              0x08000865   Thumb Code     2  stm32f1xx_hal_can.o(i.HAL_CAN_RxFifo1FullCallback)
    HAL_CAN_RxFifo1MsgPendingCallback        0x08000867   Thumb Code     2  stm32f1xx_hal_can.o(i.HAL_CAN_RxFifo1MsgPendingCallback)
    HAL_CAN_SleepCallback                    0x08000869   Thumb Code     2  stm32f1xx_hal_can.o(i.HAL_CAN_SleepCallback)
    HAL_CAN_TxMailbox0AbortCallback          0x0800086b   Thumb Code     2  stm32f1xx_hal_can.o(i.HAL_CAN_TxMailbox0AbortCallback)
    HAL_CAN_TxMailbox0CompleteCallback       0x0800086d   Thumb Code     2  stm32f1xx_hal_can.o(i.HAL_CAN_TxMailbox0CompleteCallback)
    HAL_CAN_TxMailbox1AbortCallback          0x0800086f   Thumb Code     2  stm32f1xx_hal_can.o(i.HAL_CAN_TxMailbox1AbortCallback)
    HAL_CAN_TxMailbox1CompleteCallback       0x08000871   Thumb Code     2  stm32f1xx_hal_can.o(i.HAL_CAN_TxMailbox1CompleteCallback)
    HAL_CAN_TxMailbox2AbortCallback          0x08000873   Thumb Code     2  stm32f1xx_hal_can.o(i.HAL_CAN_TxMailbox2AbortCallback)
    HAL_CAN_TxMailbox2CompleteCallback       0x08000875   Thumb Code     2  stm32f1xx_hal_can.o(i.HAL_CAN_TxMailbox2CompleteCallback)
    HAL_CAN_WakeUpFromRxMsgCallback          0x08000877   Thumb Code     2  stm32f1xx_hal_can.o(i.HAL_CAN_WakeUpFromRxMsgCallback)
    HAL_DMA_Abort_IT                         0x08000879   Thumb Code   296  stm32f1xx_hal_dma.o(i.HAL_DMA_Abort_IT)
    HAL_GPIO_DeInit                          0x080009a9   Thumb Code   224  stm32f1xx_hal_gpio.o(i.HAL_GPIO_DeInit)
    HAL_GPIO_Init                            0x08000aa9   Thumb Code   446  stm32f1xx_hal_gpio.o(i.HAL_GPIO_Init)
    HAL_GPIO_ReadPin                         0x08000c91   Thumb Code    10  stm32f1xx_hal_gpio.o(i.HAL_GPIO_ReadPin)
    HAL_GPIO_WritePin                        0x08000c9b   Thumb Code    10  stm32f1xx_hal_gpio.o(i.HAL_GPIO_WritePin)
    HAL_GetTick                              0x08000ca5   Thumb Code     6  stm32f1xx_hal.o(i.HAL_GetTick)
    HAL_I2C_AbortCpltCallback                0x08000cb1   Thumb Code     2  stm32f1xx_hal_i2c.o(i.HAL_I2C_AbortCpltCallback)
    HAL_I2C_AddrCallback                     0x08000cb3   Thumb Code     2  stm32f1xx_hal_i2c.o(i.HAL_I2C_AddrCallback)
    HAL_I2C_ER_IRQHandler                    0x08000cb5   Thumb Code   202  stm32f1xx_hal_i2c.o(i.HAL_I2C_ER_IRQHandler)
    HAL_I2C_EV_IRQHandler                    0x08000d85   Thumb Code   486  stm32f1xx_hal_i2c.o(i.HAL_I2C_EV_IRQHandler)
    HAL_I2C_ErrorCallback                    0x08000f75   Thumb Code     2  stm32f1xx_hal_i2c.o(i.HAL_I2C_ErrorCallback)
    HAL_I2C_Init                             0x08000f79   Thumb Code   302  stm32f1xx_hal_i2c.o(i.HAL_I2C_Init)
    HAL_I2C_ListenCpltCallback               0x080010b9   Thumb Code     2  stm32f1xx_hal_i2c.o(i.HAL_I2C_ListenCpltCallback)
    HAL_I2C_MasterRxCpltCallback             0x080010bb   Thumb Code     2  stm32f1xx_hal_i2c.o(i.HAL_I2C_MasterRxCpltCallback)
    HAL_I2C_MasterTxCpltCallback             0x080010bd   Thumb Code     2  stm32f1xx_hal_i2c.o(i.HAL_I2C_MasterTxCpltCallback)
    HAL_I2C_MemRxCpltCallback                0x080010bf   Thumb Code     2  stm32f1xx_hal_i2c.o(i.HAL_I2C_MemRxCpltCallback)
    HAL_I2C_MemTxCpltCallback                0x080010c1   Thumb Code     2  stm32f1xx_hal_i2c.o(i.HAL_I2C_MemTxCpltCallback)
    HAL_I2C_MspInit                          0x080010c5   Thumb Code   112  stm32f1xx_hal_msp.o(i.HAL_I2C_MspInit)
    HAL_I2C_SlaveRxCpltCallback              0x08001141   Thumb Code     2  stm32f1xx_hal_i2c.o(i.HAL_I2C_SlaveRxCpltCallback)
    HAL_I2C_SlaveTxCpltCallback              0x08001143   Thumb Code     2  stm32f1xx_hal_i2c.o(i.HAL_I2C_SlaveTxCpltCallback)
    HAL_IncTick                              0x08001145   Thumb Code    12  stm32f1xx_hal.o(i.HAL_IncTick)
    HAL_Init                                 0x08001155   Thumb Code    32  stm32f1xx_hal.o(i.HAL_Init)
    HAL_InitTick                             0x08001179   Thumb Code    54  stm32f1xx_hal.o(i.HAL_InitTick)
    HAL_MspInit                              0x080011b9   Thumb Code    58  stm32f1xx_hal_msp.o(i.HAL_MspInit)
    HAL_NVIC_EnableIRQ                       0x080011fd   Thumb Code    22  stm32f1xx_hal_cortex.o(i.HAL_NVIC_EnableIRQ)
    HAL_NVIC_SetPriority                     0x08001215   Thumb Code    60  stm32f1xx_hal_cortex.o(i.HAL_NVIC_SetPriority)
    HAL_NVIC_SetPriorityGrouping             0x08001255   Thumb Code    26  stm32f1xx_hal_cortex.o(i.HAL_NVIC_SetPriorityGrouping)
    HAL_PWR_EnableBkUpAccess                 0x08001279   Thumb Code     8  stm32f1xx_hal_pwr.o(i.HAL_PWR_EnableBkUpAccess)
    HAL_RCCEx_GetPeriphCLKFreq               0x08001285   Thumb Code   180  stm32f1xx_hal_rcc_ex.o(i.HAL_RCCEx_GetPeriphCLKFreq)
    HAL_RCCEx_PeriphCLKConfig                0x08001359   Thumb Code   224  stm32f1xx_hal_rcc_ex.o(i.HAL_RCCEx_PeriphCLKConfig)
    HAL_RCC_ClockConfig                      0x08001445   Thumb Code   346  stm32f1xx_hal_rcc.o(i.HAL_RCC_ClockConfig)
    HAL_RCC_GetHCLKFreq                      0x080015b1   Thumb Code     6  stm32f1xx_hal_rcc.o(i.HAL_RCC_GetHCLKFreq)
    HAL_RCC_GetPCLK1Freq                     0x080015bd   Thumb Code    20  stm32f1xx_hal_rcc.o(i.HAL_RCC_GetPCLK1Freq)
    HAL_RCC_GetPCLK2Freq                     0x080015dd   Thumb Code    20  stm32f1xx_hal_rcc.o(i.HAL_RCC_GetPCLK2Freq)
    HAL_RCC_GetSysClockFreq                  0x080015fd   Thumb Code    74  stm32f1xx_hal_rcc.o(i.HAL_RCC_GetSysClockFreq)
    HAL_RCC_OscConfig                        0x08001669   Thumb Code   750  stm32f1xx_hal_rcc.o(i.HAL_RCC_OscConfig)
    HAL_RTC_Init                             0x0800196d   Thumb Code   154  stm32f1xx_hal_rtc.o(i.HAL_RTC_Init)
    HAL_RTC_MspInit                          0x08001a0d   Thumb Code    40  stm32f1xx_hal_msp.o(i.HAL_RTC_MspInit)
    HAL_RTC_WaitForSynchro                   0x08001a41   Thumb Code    58  stm32f1xx_hal_rtc.o(i.HAL_RTC_WaitForSynchro)
    HAL_SYSTICK_Config                       0x08001a7b   Thumb Code    40  stm32f1xx_hal_cortex.o(i.HAL_SYSTICK_Config)
    HAL_TIMEx_BreakCallback                  0x08001aa3   Thumb Code     2  stm32f1xx_hal_tim_ex.o(i.HAL_TIMEx_BreakCallback)
    HAL_TIMEx_CommutationCallback            0x08001aa5   Thumb Code     2  stm32f1xx_hal_tim_ex.o(i.HAL_TIMEx_CommutationCallback)
    HAL_TIMEx_MasterConfigSynchronization    0x08001aa7   Thumb Code    80  stm32f1xx_hal_tim_ex.o(i.HAL_TIMEx_MasterConfigSynchronization)
    HAL_TIM_Base_Init                        0x08001af7   Thumb Code    54  stm32f1xx_hal_tim.o(i.HAL_TIM_Base_Init)
    HAL_TIM_Base_MspInit                     0x08001b2d   Thumb Code    50  stm32f1xx_hal_msp.o(i.HAL_TIM_Base_MspInit)
    HAL_TIM_ConfigClockSource                0x08001b65   Thumb Code   242  stm32f1xx_hal_tim.o(i.HAL_TIM_ConfigClockSource)
    HAL_TIM_IC_CaptureCallback               0x08001c57   Thumb Code     2  stm32f1xx_hal_tim.o(i.HAL_TIM_IC_CaptureCallback)
    HAL_TIM_IRQHandler                       0x08001c59   Thumb Code   358  stm32f1xx_hal_tim.o(i.HAL_TIM_IRQHandler)
    HAL_TIM_OC_DelayElapsedCallback          0x08001dbf   Thumb Code     2  stm32f1xx_hal_tim.o(i.HAL_TIM_OC_DelayElapsedCallback)
    HAL_TIM_PWM_PulseFinishedCallback        0x08001dc1   Thumb Code     2  stm32f1xx_hal_tim.o(i.HAL_TIM_PWM_PulseFinishedCallback)
    HAL_TIM_PeriodElapsedCallback            0x08001dc3   Thumb Code     2  stm32f1xx_hal_tim.o(i.HAL_TIM_PeriodElapsedCallback)
    HAL_TIM_TriggerCallback                  0x08001dc5   Thumb Code     2  stm32f1xx_hal_tim.o(i.HAL_TIM_TriggerCallback)
    HAL_UART_ErrorCallback                   0x08001dc7   Thumb Code     2  stm32f1xx_hal_uart.o(i.HAL_UART_ErrorCallback)
    HAL_UART_IRQHandler                      0x08001dc9   Thumb Code   266  stm32f1xx_hal_uart.o(i.HAL_UART_IRQHandler)
    HAL_UART_Init                            0x08001ed9   Thumb Code    98  stm32f1xx_hal_uart.o(i.HAL_UART_Init)
    HAL_UART_MspInit                         0x08001f3d   Thumb Code   380  stm32f1xx_hal_msp.o(i.HAL_UART_MspInit)
    HAL_UART_RxCpltCallback                  0x080020d9   Thumb Code     2  stm32f1xx_hal_uart.o(i.HAL_UART_RxCpltCallback)
    HAL_UART_TxCpltCallback                  0x080020db   Thumb Code     2  stm32f1xx_hal_uart.o(i.HAL_UART_TxCpltCallback)
    HAL_USART_ErrorCallback                  0x080020dd   Thumb Code     2  stm32f1xx_hal_usart.o(i.HAL_USART_ErrorCallback)
    HAL_USART_IRQHandler                     0x080020e1   Thumb Code   316  stm32f1xx_hal_usart.o(i.HAL_USART_IRQHandler)
    HAL_USART_Init                           0x08002221   Thumb Code    84  stm32f1xx_hal_usart.o(i.HAL_USART_Init)
    HAL_USART_MspInit                        0x08002275   Thumb Code   116  stm32f1xx_hal_msp.o(i.HAL_USART_MspInit)
    HAL_USART_RxCpltCallback                 0x080022f5   Thumb Code     2  stm32f1xx_hal_usart.o(i.HAL_USART_RxCpltCallback)
    HAL_USART_TxCpltCallback                 0x080022f7   Thumb Code     2  stm32f1xx_hal_usart.o(i.HAL_USART_TxCpltCallback)
    HAL_USART_TxRxCpltCallback               0x080022f9   Thumb Code     2  stm32f1xx_hal_usart.o(i.HAL_USART_TxRxCpltCallback)
    HardFault_Handler                        0x080022fb   Thumb Code     2  stm32f1xx_it.o(i.HardFault_Handler)
    I2C1_ER_IRQHandler                       0x080022fd   Thumb Code     6  stm32f1xx_it.o(i.I2C1_ER_IRQHandler)
    I2C1_EV_IRQHandler                       0x08002309   Thumb Code     6  stm32f1xx_it.o(i.I2C1_EV_IRQHandler)
    MemManage_Handler                        0x08002bad   Thumb Code     2  stm32f1xx_it.o(i.MemManage_Handler)
    NMI_Handler                              0x08002baf   Thumb Code     2  stm32f1xx_it.o(i.NMI_Handler)
    StartDefaultTask                         0x08002c3b   Thumb Code     8  main.o(i.StartDefaultTask)
    SysTick_Handler                          0x08002c43   Thumb Code    14  stm32f1xx_it.o(i.SysTick_Handler)
    SystemClock_Config                       0x08002c51   Thumb Code   104  main.o(i.SystemClock_Config)
    SystemInit                               0x08002cb9   Thumb Code    56  system_stm32f1xx.o(i.SystemInit)
    TIM2_IRQHandler                          0x08002d01   Thumb Code     6  stm32f1xx_it.o(i.TIM2_IRQHandler)
    TIM_Base_SetConfig                       0x08002d0d   Thumb Code   120  stm32f1xx_hal_tim.o(i.TIM_Base_SetConfig)
    UART4_IRQHandler                         0x08002e05   Thumb Code     6  stm32f1xx_it.o(i.UART4_IRQHandler)
    UART5_IRQHandler                         0x08002e11   Thumb Code     6  stm32f1xx_it.o(i.UART5_IRQHandler)
    USART1_IRQHandler                        0x080030b5   Thumb Code     6  stm32f1xx_it.o(i.USART1_IRQHandler)
    USART2_IRQHandler                        0x080030c1   Thumb Code     6  stm32f1xx_it.o(i.USART2_IRQHandler)
    USART3_IRQHandler                        0x080030cd   Thumb Code     6  stm32f1xx_it.o(i.USART3_IRQHandler)
    USB_HP_CAN1_TX_IRQHandler                0x080033f9   Thumb Code     6  stm32f1xx_it.o(i.USB_HP_CAN1_TX_IRQHandler)
    USB_LP_CAN1_RX0_IRQHandler               0x08003405   Thumb Code     6  stm32f1xx_it.o(i.USB_LP_CAN1_RX0_IRQHandler)
    UsageFault_Handler                       0x08003411   Thumb Code     2  stm32f1xx_it.o(i.UsageFault_Handler)
    __scatterload_copy                       0x08003413   Thumb Code    14  handlers.o(i.__scatterload_copy)
    __scatterload_null                       0x08003421   Thumb Code     2  handlers.o(i.__scatterload_null)
    __scatterload_zeroinit                   0x08003423   Thumb Code    14  handlers.o(i.__scatterload_zeroinit)
    configureTimerForRunTimeStats            0x08003431   Thumb Code     2  freertos.o(i.configureTimerForRunTimeStats)
    getRunTimeCounterValue                   0x08003433   Thumb Code     4  freertos.o(i.getRunTimeCounterValue)
    main                                     0x08003439   Thumb Code   268  main.o(i.main)
    osDelay                                  0x08003581   Thumb Code    14  cmsis_os.o(i.osDelay)
    osKernelStart                            0x0800358f   Thumb Code    10  cmsis_os.o(i.osKernelStart)
    osSystickHandler                         0x08003599   Thumb Code    20  cmsis_os.o(i.osSystickHandler)
    osThreadCreate                           0x080035ad   Thumb Code    46  cmsis_os.o(i.osThreadCreate)
    pvPortMalloc                             0x08003c5d   Thumb Code    78  heap_1.o(i.pvPortMalloc)
    pvTaskIncrementMutexHeldCount            0x08003cb5   Thumb Code    18  tasks.o(i.pvTaskIncrementMutexHeldCount)
    pxPortInitialiseStack                    0x08003ccd   Thumb Code    32  port.o(i.pxPortInitialiseStack)
    uxListRemove                             0x08003cf1   Thumb Code    36  list.o(i.uxListRemove)
    vApplicationIdleHook                     0x08003d15   Thumb Code     2  freertos.o(i.vApplicationIdleHook)
    vApplicationMallocFailedHook             0x08003d17   Thumb Code     2  freertos.o(i.vApplicationMallocFailedHook)
    vApplicationStackOverflowHook            0x08003d19   Thumb Code     2  freertos.o(i.vApplicationStackOverflowHook)
    vApplicationTickHook                     0x08003d1b   Thumb Code     2  freertos.o(i.vApplicationTickHook)
    vListInitialise                          0x08003d1d   Thumb Code    22  list.o(i.vListInitialise)
    vListInitialiseItem                      0x08003d33   Thumb Code     6  list.o(i.vListInitialiseItem)
    vListInsert                              0x08003d39   Thumb Code    48  list.o(i.vListInsert)
    vListInsertEnd                           0x08003d69   Thumb Code    24  list.o(i.vListInsertEnd)
    vPortEnterCritical                       0x08003d81   Thumb Code    54  port.o(i.vPortEnterCritical)
    vPortExitCritical                        0x08003dc1   Thumb Code    34  port.o(i.vPortExitCritical)
    vPortFree                                0x08003de9   Thumb Code    22  heap_1.o(i.vPortFree)
    vPortSetupTimerInterrupt                 0x08003e01   Thumb Code    26  port.o(i.vPortSetupTimerInterrupt)
    vPortValidateInterruptPriority           0x08003e21   Thumb Code    74  port.o(i.vPortValidateInterruptPriority)
    vQueueAddToRegistry                      0x08003e75   Thumb Code    34  queue.o(i.vQueueAddToRegistry)
    vQueueWaitForMessageRestricted           0x08003e9d   Thumb Code    68  queue.o(i.vQueueWaitForMessageRestricted)
    vTaskDelay                               0x08003ee1   Thumb Code    66  tasks.o(i.vTaskDelay)
    vTaskMissedYield                         0x08003f2d   Thumb Code     8  tasks.o(i.vTaskMissedYield)
    vTaskPlaceOnEventList                    0x08003f39   Thumb Code    44  tasks.o(i.vTaskPlaceOnEventList)
    vTaskPlaceOnEventListRestricted          0x08003f69   Thumb Code    52  tasks.o(i.vTaskPlaceOnEventListRestricted)
    vTaskPriorityInherit                     0x08003fa1   Thumb Code   124  tasks.o(i.vTaskPriorityInherit)
    vTaskSetTimeOutState                     0x08004025   Thumb Code    30  tasks.o(i.vTaskSetTimeOutState)
    vTaskStartScheduler                      0x08004049   Thumb Code    98  tasks.o(i.vTaskStartScheduler)
    vTaskSuspendAll                          0x080040bd   Thumb Code    10  tasks.o(i.vTaskSuspendAll)
    vTaskSwitchContext                       0x080040cd   Thumb Code   130  tasks.o(i.vTaskSwitchContext)
    xPortStartScheduler                      0x08004159   Thumb Code   102  port.o(i.xPortStartScheduler)
    xPortSysTickHandler                      0x080041cd   Thumb Code    38  port.o(i.xPortSysTickHandler)
    xQueueGenericCreate                      0x080041f9   Thumb Code    82  queue.o(i.xQueueGenericCreate)
    xQueueGenericReceive                     0x0800424d   Thumb Code   360  queue.o(i.xQueueGenericReceive)
    xQueueGenericReset                       0x080043b9   Thumb Code   132  queue.o(i.xQueueGenericReset)
    xQueueGenericSend                        0x08004441   Thumb Code   346  queue.o(i.xQueueGenericSend)
    xQueueGenericSendFromISR                 0x080045a1   Thumb Code   188  queue.o(i.xQueueGenericSendFromISR)
    xTaskCheckForTimeOut                     0x0800465d   Thumb Code   102  tasks.o(i.xTaskCheckForTimeOut)
    xTaskCreate                              0x080046c9   Thumb Code    86  tasks.o(i.xTaskCreate)
    xTaskGetSchedulerState                   0x08004721   Thumb Code    22  tasks.o(i.xTaskGetSchedulerState)
    xTaskGetTickCount                        0x0800473d   Thumb Code     6  tasks.o(i.xTaskGetTickCount)
    xTaskIncrementTick                       0x08004749   Thumb Code   202  tasks.o(i.xTaskIncrementTick)
    xTaskPriorityDisinherit                  0x0800481d   Thumb Code   144  tasks.o(i.xTaskPriorityDisinherit)
    xTaskRemoveFromEventList                 0x080048b5   Thumb Code   108  tasks.o(i.xTaskRemoveFromEventList)
    xTaskResumeAll                           0x08004929   Thumb Code   182  tasks.o(i.xTaskResumeAll)
    xTimerCreateTimerTask                    0x080049ed   Thumb Code    56  timers.o(i.xTimerCreateTimerTask)
    xTimerGenericCommand                     0x08004a35   Thumb Code    92  timers.o(i.xTimerGenericCommand)
    AHBPrescTable                            0x08004abc   Data          16  system_stm32f1xx.o(.constdata)
    APBPrescTable                            0x08004acc   Data           8  system_stm32f1xx.o(.constdata)
    Region$$Table$$Base                      0x08004aec   Number         0  anon$$obj.o(Region$$Table)
    Region$$Table$$Limit                     0x08004b0c   Number         0  anon$$obj.o(Region$$Table)
    defaultTaskHandle                        0x20000000   Data           4  main.o(.data)
    DHT11TaskHandle                          0x20000004   Data           4  main.o(.data)
    uwTickFreq                               0x20000008   Data           1  stm32f1xx_hal.o(.data)
    uwTickPrio                               0x2000000c   Data           4  stm32f1xx_hal.o(.data)
    uwTick                                   0x20000010   Data           4  stm32f1xx_hal.o(.data)
    SystemCoreClock                          0x20000014   Data           4  system_stm32f1xx.o(.data)
    pxCurrentTCB                             0x20000018   Data           4  tasks.o(.data)
    hcan                                     0x20000084   Data          40  main.o(.bss)
    hi2c1                                    0x200000ac   Data          84  main.o(.bss)
    hrtc                                     0x20000100   Data          20  main.o(.bss)
    htim2                                    0x20000114   Data          64  main.o(.bss)
    huart4                                   0x20000154   Data          64  main.o(.bss)
    huart5                                   0x20000194   Data          64  main.o(.bss)
    huart1                                   0x200001d4   Data          64  main.o(.bss)
    huart2                                   0x20000214   Data          64  main.o(.bss)
    husart3                                  0x20000254   Data          68  main.o(.bss)
    xQueueRegistry                           0x20000298   Data          64  queue.o(.bss)
    __initial_sp                             0x200017d8   Data           0  startup_stm32f103xe.o(STACK)



==============================================================================

Memory Map of the image

  Image Entry point : 0x08000131

  Load Region LR_IROM1 (Base: 0x08000000, Size: 0x00004b90, Max: 0x00080000, ABSOLUTE)

    Execution Region ER_IROM1 (Exec base: 0x08000000, Load base: 0x08000000, Size: 0x00004b0c, Max: 0x00080000, ABSOLUTE)

    Exec Addr    Load Addr    Size         Type   Attr      Idx    E Section Name        Object

    0x08000000   0x08000000   0x00000130   Data   RO            3    RESET               startup_stm32f103xe.o
    0x08000130   0x08000130   0x00000000   Code   RO         5209  * .ARM.Collect$$$$00000000  mc_w.l(entry.o)
    0x08000130   0x08000130   0x00000004   Code   RO         5485    .ARM.Collect$$$$00000001  mc_w.l(entry2.o)
    0x08000134   0x08000134   0x00000004   Code   RO         5488    .ARM.Collect$$$$00000004  mc_w.l(entry5.o)
    0x08000138   0x08000138   0x00000000   Code   RO         5490    .ARM.Collect$$$$00000008  mc_w.l(entry7b.o)
    0x08000138   0x08000138   0x00000000   Code   RO         5492    .ARM.Collect$$$$0000000A  mc_w.l(entry8b.o)
    0x08000138   0x08000138   0x00000008   Code   RO         5493    .ARM.Collect$$$$0000000B  mc_w.l(entry9a.o)
    0x08000140   0x08000140   0x00000000   Code   RO         5495    .ARM.Collect$$$$0000000D  mc_w.l(entry10a.o)
    0x08000140   0x08000140   0x00000000   Code   RO         5497    .ARM.Collect$$$$0000000F  mc_w.l(entry11a.o)
    0x08000140   0x08000140   0x00000004   Code   RO         5486    .ARM.Collect$$$$00002712  mc_w.l(entry2.o)
    0x08000144   0x08000144   0x00000096   Code   RO         5132    .emb_text           port.o
    0x080001da   0x080001da   0x00000002   PAD
    0x080001dc   0x080001dc   0x00000024   Code   RO            4    .text               startup_stm32f103xe.o
    0x08000200   0x08000200   0x00000024   Code   RO         5214    .text               mc_w.l(memcpya.o)
    0x08000224   0x08000224   0x00000024   Code   RO         5216    .text               mc_w.l(memseta.o)
    0x08000248   0x08000248   0x00000024   Code   RO         5517    .text               mc_w.l(init.o)
    0x0800026c   0x0800026c   0x00000002   Code   RO          297    i.BusFault_Handler  stm32f1xx_it.o
    0x0800026e   0x0800026e   0x00000002   PAD
    0x08000270   0x08000270   0x00000058   Code   RO          517    i.DHT11_Check       dht11.o
    0x080002c8   0x080002c8   0x0000002c   Code   RO          519    i.DHT11_IOIn        dht11.o
    0x080002f4   0x080002f4   0x00000030   Code   RO          520    i.DHT11_IOOut       dht11.o
    0x08000324   0x08000324   0x0000000e   Code   RO          521    i.DHT11_Init        dht11.o
    0x08000332   0x08000332   0x00000020   Code   RO          522    i.DHT11_MonitorTask  dht11.o
    0x08000352   0x08000352   0x00000002   PAD
    0x08000354   0x08000354   0x00000058   Code   RO          523    i.DHT11_Read_Bit    dht11.o
    0x080003ac   0x080003ac   0x0000001a   Code   RO          524    i.DHT11_Read_Byte   dht11.o
    0x080003c6   0x080003c6   0x00000050   Code   RO          525    i.DHT11_Read_Data   dht11.o
    0x08000416   0x08000416   0x00000002   PAD
    0x08000418   0x08000418   0x00000030   Code   RO          526    i.DHT11_Rst         dht11.o
    0x08000448   0x08000448   0x0000002c   Code   RO          527    i.DWT_DelayUs       dht11.o
    0x08000474   0x08000474   0x00000044   Code   RO          601    i.DWT_InitDelay     dwt_delay.o
    0x080004b8   0x080004b8   0x00000002   Code   RO          298    i.DebugMon_Handler  stm32f1xx_it.o
    0x080004ba   0x080004ba   0x00000002   Code   RO          667    i.HAL_CAN_ErrorCallback  stm32f1xx_hal_can.o
    0x080004bc   0x080004bc   0x000001fc   Code   RO          674    i.HAL_CAN_IRQHandler  stm32f1xx_hal_can.o
    0x080006b8   0x080006b8   0x0000011a   Code   RO          675    i.HAL_CAN_Init      stm32f1xx_hal_can.o
    0x080007d2   0x080007d2   0x00000002   PAD
    0x080007d4   0x080007d4   0x0000008c   Code   RO          422    i.HAL_CAN_MspInit   stm32f1xx_hal_msp.o
    0x08000860   0x08000860   0x00000002   Code   RO          682    i.HAL_CAN_RxFifo0FullCallback  stm32f1xx_hal_can.o
    0x08000862   0x08000862   0x00000002   Code   RO          683    i.HAL_CAN_RxFifo0MsgPendingCallback  stm32f1xx_hal_can.o
    0x08000864   0x08000864   0x00000002   Code   RO          684    i.HAL_CAN_RxFifo1FullCallback  stm32f1xx_hal_can.o
    0x08000866   0x08000866   0x00000002   Code   RO          685    i.HAL_CAN_RxFifo1MsgPendingCallback  stm32f1xx_hal_can.o
    0x08000868   0x08000868   0x00000002   Code   RO          686    i.HAL_CAN_SleepCallback  stm32f1xx_hal_can.o
    0x0800086a   0x0800086a   0x00000002   Code   RO          689    i.HAL_CAN_TxMailbox0AbortCallback  stm32f1xx_hal_can.o
    0x0800086c   0x0800086c   0x00000002   Code   RO          690    i.HAL_CAN_TxMailbox0CompleteCallback  stm32f1xx_hal_can.o
    0x0800086e   0x0800086e   0x00000002   Code   RO          691    i.HAL_CAN_TxMailbox1AbortCallback  stm32f1xx_hal_can.o
    0x08000870   0x08000870   0x00000002   Code   RO          692    i.HAL_CAN_TxMailbox1CompleteCallback  stm32f1xx_hal_can.o
    0x08000872   0x08000872   0x00000002   Code   RO          693    i.HAL_CAN_TxMailbox2AbortCallback  stm32f1xx_hal_can.o
    0x08000874   0x08000874   0x00000002   Code   RO          694    i.HAL_CAN_TxMailbox2CompleteCallback  stm32f1xx_hal_can.o
    0x08000876   0x08000876   0x00000002   Code   RO          696    i.HAL_CAN_WakeUpFromRxMsgCallback  stm32f1xx_hal_can.o
    0x08000878   0x08000878   0x00000130   Code   RO         3384    i.HAL_DMA_Abort_IT  stm32f1xx_hal_dma.o
    0x080009a8   0x080009a8   0x00000100   Code   RO         3316    i.HAL_GPIO_DeInit   stm32f1xx_hal_gpio.o
    0x08000aa8   0x08000aa8   0x000001e8   Code   RO         3319    i.HAL_GPIO_Init     stm32f1xx_hal_gpio.o
    0x08000c90   0x08000c90   0x0000000a   Code   RO         3321    i.HAL_GPIO_ReadPin  stm32f1xx_hal_gpio.o
    0x08000c9a   0x08000c9a   0x0000000a   Code   RO         3323    i.HAL_GPIO_WritePin  stm32f1xx_hal_gpio.o
    0x08000ca4   0x08000ca4   0x0000000c   Code   RO         3027    i.HAL_GetTick       stm32f1xx_hal.o
    0x08000cb0   0x08000cb0   0x00000002   Code   RO          895    i.HAL_I2C_AbortCpltCallback  stm32f1xx_hal_i2c.o
    0x08000cb2   0x08000cb2   0x00000002   Code   RO          896    i.HAL_I2C_AddrCallback  stm32f1xx_hal_i2c.o
    0x08000cb4   0x08000cb4   0x000000d0   Code   RO          899    i.HAL_I2C_ER_IRQHandler  stm32f1xx_hal_i2c.o
    0x08000d84   0x08000d84   0x000001f0   Code   RO          900    i.HAL_I2C_EV_IRQHandler  stm32f1xx_hal_i2c.o
    0x08000f74   0x08000f74   0x00000002   Code   RO          902    i.HAL_I2C_ErrorCallback  stm32f1xx_hal_i2c.o
    0x08000f76   0x08000f76   0x00000002   PAD
    0x08000f78   0x08000f78   0x00000140   Code   RO          906    i.HAL_I2C_Init      stm32f1xx_hal_i2c.o
    0x080010b8   0x080010b8   0x00000002   Code   RO          908    i.HAL_I2C_ListenCpltCallback  stm32f1xx_hal_i2c.o
    0x080010ba   0x080010ba   0x00000002   Code   RO          909    i.HAL_I2C_MasterRxCpltCallback  stm32f1xx_hal_i2c.o
    0x080010bc   0x080010bc   0x00000002   Code   RO          910    i.HAL_I2C_MasterTxCpltCallback  stm32f1xx_hal_i2c.o
    0x080010be   0x080010be   0x00000002   Code   RO          920    i.HAL_I2C_MemRxCpltCallback  stm32f1xx_hal_i2c.o
    0x080010c0   0x080010c0   0x00000002   Code   RO          921    i.HAL_I2C_MemTxCpltCallback  stm32f1xx_hal_i2c.o
    0x080010c2   0x080010c2   0x00000002   PAD
    0x080010c4   0x080010c4   0x0000007c   Code   RO          424    i.HAL_I2C_MspInit   stm32f1xx_hal_msp.o
    0x08001140   0x08001140   0x00000002   Code   RO          930    i.HAL_I2C_SlaveRxCpltCallback  stm32f1xx_hal_i2c.o
    0x08001142   0x08001142   0x00000002   Code   RO          931    i.HAL_I2C_SlaveTxCpltCallback  stm32f1xx_hal_i2c.o
    0x08001144   0x08001144   0x00000010   Code   RO         3031    i.HAL_IncTick       stm32f1xx_hal.o
    0x08001154   0x08001154   0x00000024   Code   RO         3032    i.HAL_Init          stm32f1xx_hal.o
    0x08001178   0x08001178   0x00000040   Code   RO         3033    i.HAL_InitTick      stm32f1xx_hal.o
    0x080011b8   0x080011b8   0x00000044   Code   RO          425    i.HAL_MspInit       stm32f1xx_hal_msp.o
    0x080011fc   0x080011fc   0x00000016   Code   RO         3479    i.HAL_NVIC_EnableIRQ  stm32f1xx_hal_cortex.o
    0x08001212   0x08001212   0x00000002   PAD
    0x08001214   0x08001214   0x00000040   Code   RO         3485    i.HAL_NVIC_SetPriority  stm32f1xx_hal_cortex.o
    0x08001254   0x08001254   0x00000024   Code   RO         3486    i.HAL_NVIC_SetPriorityGrouping  stm32f1xx_hal_cortex.o
    0x08001278   0x08001278   0x0000000c   Code   RO         3601    i.HAL_PWR_EnableBkUpAccess  stm32f1xx_hal_pwr.o
    0x08001284   0x08001284   0x000000d4   Code   RO         3281    i.HAL_RCCEx_GetPeriphCLKFreq  stm32f1xx_hal_rcc_ex.o
    0x08001358   0x08001358   0x000000ec   Code   RO         3282    i.HAL_RCCEx_PeriphCLKConfig  stm32f1xx_hal_rcc_ex.o
    0x08001444   0x08001444   0x0000016c   Code   RO         3179    i.HAL_RCC_ClockConfig  stm32f1xx_hal_rcc.o
    0x080015b0   0x080015b0   0x0000000c   Code   RO         3184    i.HAL_RCC_GetHCLKFreq  stm32f1xx_hal_rcc.o
    0x080015bc   0x080015bc   0x00000020   Code   RO         3186    i.HAL_RCC_GetPCLK1Freq  stm32f1xx_hal_rcc.o
    0x080015dc   0x080015dc   0x00000020   Code   RO         3187    i.HAL_RCC_GetPCLK2Freq  stm32f1xx_hal_rcc.o
    0x080015fc   0x080015fc   0x0000006c   Code   RO         3188    i.HAL_RCC_GetSysClockFreq  stm32f1xx_hal_rcc.o
    0x08001668   0x08001668   0x00000304   Code   RO         3191    i.HAL_RCC_OscConfig  stm32f1xx_hal_rcc.o
    0x0800196c   0x0800196c   0x000000a0   Code   RO         1301    i.HAL_RTC_Init      stm32f1xx_hal_rtc.o
    0x08001a0c   0x08001a0c   0x00000034   Code   RO          427    i.HAL_RTC_MspInit   stm32f1xx_hal_msp.o
    0x08001a40   0x08001a40   0x0000003a   Code   RO         1309    i.HAL_RTC_WaitForSynchro  stm32f1xx_hal_rtc.o
    0x08001a7a   0x08001a7a   0x00000028   Code   RO         3490    i.HAL_SYSTICK_Config  stm32f1xx_hal_cortex.o
    0x08001aa2   0x08001aa2   0x00000002   Code   RO         2196    i.HAL_TIMEx_BreakCallback  stm32f1xx_hal_tim_ex.o
    0x08001aa4   0x08001aa4   0x00000002   Code   RO         2197    i.HAL_TIMEx_CommutationCallback  stm32f1xx_hal_tim_ex.o
    0x08001aa6   0x08001aa6   0x00000050   Code   RO         2213    i.HAL_TIMEx_MasterConfigSynchronization  stm32f1xx_hal_tim_ex.o
    0x08001af6   0x08001af6   0x00000036   Code   RO         1567    i.HAL_TIM_Base_Init  stm32f1xx_hal_tim.o
    0x08001b2c   0x08001b2c   0x00000038   Code   RO          429    i.HAL_TIM_Base_MspInit  stm32f1xx_hal_msp.o
    0x08001b64   0x08001b64   0x000000f2   Code   RO         1576    i.HAL_TIM_ConfigClockSource  stm32f1xx_hal_tim.o
    0x08001c56   0x08001c56   0x00000002   Code   RO         1596    i.HAL_TIM_IC_CaptureCallback  stm32f1xx_hal_tim.o
    0x08001c58   0x08001c58   0x00000166   Code   RO         1609    i.HAL_TIM_IRQHandler  stm32f1xx_hal_tim.o
    0x08001dbe   0x08001dbe   0x00000002   Code   RO         1612    i.HAL_TIM_OC_DelayElapsedCallback  stm32f1xx_hal_tim.o
    0x08001dc0   0x08001dc0   0x00000002   Code   RO         1639    i.HAL_TIM_PWM_PulseFinishedCallback  stm32f1xx_hal_tim.o
    0x08001dc2   0x08001dc2   0x00000002   Code   RO         1646    i.HAL_TIM_PeriodElapsedCallback  stm32f1xx_hal_tim.o
    0x08001dc4   0x08001dc4   0x00000002   Code   RO         1650    i.HAL_TIM_TriggerCallback  stm32f1xx_hal_tim.o
    0x08001dc6   0x08001dc6   0x00000002   Code   RO         2450    i.HAL_UART_ErrorCallback  stm32f1xx_hal_uart.o
    0x08001dc8   0x08001dc8   0x00000110   Code   RO         2453    i.HAL_UART_IRQHandler  stm32f1xx_hal_uart.o
    0x08001ed8   0x08001ed8   0x00000062   Code   RO         2454    i.HAL_UART_Init     stm32f1xx_hal_uart.o
    0x08001f3a   0x08001f3a   0x00000002   PAD
    0x08001f3c   0x08001f3c   0x0000019c   Code   RO          431    i.HAL_UART_MspInit  stm32f1xx_hal_msp.o
    0x080020d8   0x080020d8   0x00000002   Code   RO         2460    i.HAL_UART_RxCpltCallback  stm32f1xx_hal_uart.o
    0x080020da   0x080020da   0x00000002   Code   RO         2465    i.HAL_UART_TxCpltCallback  stm32f1xx_hal_uart.o
    0x080020dc   0x080020dc   0x00000002   Code   RO         2762    i.HAL_USART_ErrorCallback  stm32f1xx_hal_usart.o
    0x080020de   0x080020de   0x00000002   PAD
    0x080020e0   0x080020e0   0x00000140   Code   RO         2765    i.HAL_USART_IRQHandler  stm32f1xx_hal_usart.o
    0x08002220   0x08002220   0x00000054   Code   RO         2766    i.HAL_USART_Init    stm32f1xx_hal_usart.o
    0x08002274   0x08002274   0x00000080   Code   RO          433    i.HAL_USART_MspInit  stm32f1xx_hal_msp.o
    0x080022f4   0x080022f4   0x00000002   Code   RO         2772    i.HAL_USART_RxCpltCallback  stm32f1xx_hal_usart.o
    0x080022f6   0x080022f6   0x00000002   Code   RO         2780    i.HAL_USART_TxCpltCallback  stm32f1xx_hal_usart.o
    0x080022f8   0x080022f8   0x00000002   Code   RO         2782    i.HAL_USART_TxRxCpltCallback  stm32f1xx_hal_usart.o
    0x080022fa   0x080022fa   0x00000002   Code   RO          299    i.HardFault_Handler  stm32f1xx_it.o
    0x080022fc   0x080022fc   0x0000000c   Code   RO          300    i.I2C1_ER_IRQHandler  stm32f1xx_it.o
    0x08002308   0x08002308   0x0000000c   Code   RO          301    i.I2C1_EV_IRQHandler  stm32f1xx_it.o
    0x08002314   0x08002314   0x0000004e   Code   RO          940    i.I2C_DMAAbort      stm32f1xx_hal_i2c.o
    0x08002362   0x08002362   0x00000002   PAD
    0x08002364   0x08002364   0x00000124   Code   RO          943    i.I2C_ITError       stm32f1xx_hal_i2c.o
    0x08002488   0x08002488   0x000000c8   Code   RO          945    i.I2C_MasterReceive_BTF  stm32f1xx_hal_i2c.o
    0x08002550   0x08002550   0x000000ae   Code   RO          946    i.I2C_MasterReceive_RXNE  stm32f1xx_hal_i2c.o
    0x080025fe   0x080025fe   0x00000080   Code   RO          949    i.I2C_MasterTransmit_BTF  stm32f1xx_hal_i2c.o
    0x0800267e   0x0800267e   0x00000002   PAD
    0x08002680   0x08002680   0x00000108   Code   RO          950    i.I2C_MasterTransmit_TXE  stm32f1xx_hal_i2c.o
    0x08002788   0x08002788   0x0000011a   Code   RO          951    i.I2C_Master_ADDR   stm32f1xx_hal_i2c.o
    0x080028a2   0x080028a2   0x0000005a   Code   RO          952    i.I2C_Master_SB     stm32f1xx_hal_i2c.o
    0x080028fc   0x080028fc   0x00000084   Code   RO          955    i.I2C_Slave_AF      stm32f1xx_hal_i2c.o
    0x08002980   0x08002980   0x000000dc   Code   RO          956    i.I2C_Slave_STOPF   stm32f1xx_hal_i2c.o
    0x08002a5c   0x08002a5c   0x00000038   Code   RO           14    i.MX_CAN_Init       main.o
    0x08002a94   0x08002a94   0x000000c8   Code   RO           15    i.MX_GPIO_Init      main.o
    0x08002b5c   0x08002b5c   0x00000050   Code   RO           16    i.MX_TIM2_Init      main.o
    0x08002bac   0x08002bac   0x00000002   Code   RO          302    i.MemManage_Handler  stm32f1xx_it.o
    0x08002bae   0x08002bae   0x00000002   Code   RO          303    i.NMI_Handler       stm32f1xx_it.o
    0x08002bb0   0x08002bb0   0x00000020   Code   RO         3492    i.NVIC_SetPriority  stm32f1xx_hal_cortex.o
    0x08002bd0   0x08002bd0   0x00000034   Code   RO         1313    i.RTC_EnterInitMode  stm32f1xx_hal_rtc.o
    0x08002c04   0x08002c04   0x00000036   Code   RO         1314    i.RTC_ExitInitMode  stm32f1xx_hal_rtc.o
    0x08002c3a   0x08002c3a   0x00000008   Code   RO           17    i.StartDefaultTask  main.o
    0x08002c42   0x08002c42   0x0000000e   Code   RO          304    i.SysTick_Handler   stm32f1xx_it.o
    0x08002c50   0x08002c50   0x00000068   Code   RO           18    i.SystemClock_Config  main.o
    0x08002cb8   0x08002cb8   0x00000048   Code   RO         3908    i.SystemInit        system_stm32f1xx.o
    0x08002d00   0x08002d00   0x0000000c   Code   RO          305    i.TIM2_IRQHandler   stm32f1xx_it.o
    0x08002d0c   0x08002d0c   0x0000008c   Code   RO         1651    i.TIM_Base_SetConfig  stm32f1xx_hal_tim.o
    0x08002d98   0x08002d98   0x00000014   Code   RO         1658    i.TIM_ETR_SetConfig  stm32f1xx_hal_tim.o
    0x08002dac   0x08002dac   0x00000010   Code   RO         1659    i.TIM_ITRx_SetConfig  stm32f1xx_hal_tim.o
    0x08002dbc   0x08002dbc   0x00000022   Code   RO         1665    i.TIM_TI1_ConfigInputStage  stm32f1xx_hal_tim.o
    0x08002dde   0x08002dde   0x00000024   Code   RO         1667    i.TIM_TI2_ConfigInputStage  stm32f1xx_hal_tim.o
    0x08002e02   0x08002e02   0x00000002   PAD
    0x08002e04   0x08002e04   0x0000000c   Code   RO          306    i.UART4_IRQHandler  stm32f1xx_it.o
    0x08002e10   0x08002e10   0x0000000c   Code   RO          307    i.UART5_IRQHandler  stm32f1xx_it.o
    0x08002e1c   0x08002e1c   0x00000010   Code   RO         2467    i.UART_DMAAbortOnError  stm32f1xx_hal_uart.o
    0x08002e2c   0x08002e2c   0x0000001c   Code   RO         2477    i.UART_EndRxTransfer  stm32f1xx_hal_uart.o
    0x08002e48   0x08002e48   0x00000096   Code   RO         2479    i.UART_Receive_IT   stm32f1xx_hal_uart.o
    0x08002ede   0x08002ede   0x00000002   PAD
    0x08002ee0   0x08002ee0   0x00000170   Code   RO         2480    i.UART_SetConfig    stm32f1xx_hal_uart.o
    0x08003050   0x08003050   0x00000062   Code   RO         2481    i.UART_Transmit_IT  stm32f1xx_hal_uart.o
    0x080030b2   0x080030b2   0x00000002   PAD
    0x080030b4   0x080030b4   0x0000000c   Code   RO          308    i.USART1_IRQHandler  stm32f1xx_it.o
    0x080030c0   0x080030c0   0x0000000c   Code   RO          309    i.USART2_IRQHandler  stm32f1xx_it.o
    0x080030cc   0x080030cc   0x0000000c   Code   RO          310    i.USART3_IRQHandler  stm32f1xx_it.o
    0x080030d8   0x080030d8   0x00000010   Code   RO         2783    i.USART_DMAAbortOnError  stm32f1xx_hal_usart.o
    0x080030e8   0x080030e8   0x0000001c   Code   RO         2791    i.USART_EndRxTransfer  stm32f1xx_hal_usart.o
    0x08003104   0x08003104   0x000000b0   Code   RO         2793    i.USART_Receive_IT  stm32f1xx_hal_usart.o
    0x080031b4   0x080031b4   0x000000f8   Code   RO         2794    i.USART_SetConfig   stm32f1xx_hal_usart.o
    0x080032ac   0x080032ac   0x000000e8   Code   RO         2795    i.USART_TransmitReceive_IT  stm32f1xx_hal_usart.o
    0x08003394   0x08003394   0x00000062   Code   RO         2796    i.USART_Transmit_IT  stm32f1xx_hal_usart.o
    0x080033f6   0x080033f6   0x00000002   PAD
    0x080033f8   0x080033f8   0x0000000c   Code   RO          311    i.USB_HP_CAN1_TX_IRQHandler  stm32f1xx_it.o
    0x08003404   0x08003404   0x0000000c   Code   RO          312    i.USB_LP_CAN1_RX0_IRQHandler  stm32f1xx_it.o
    0x08003410   0x08003410   0x00000002   Code   RO          313    i.UsageFault_Handler  stm32f1xx_it.o
    0x08003412   0x08003412   0x0000000e   Code   RO         5529    i.__scatterload_copy  mc_w.l(handlers.o)
    0x08003420   0x08003420   0x00000002   Code   RO         5530    i.__scatterload_null  mc_w.l(handlers.o)
    0x08003422   0x08003422   0x0000000e   Code   RO         5531    i.__scatterload_zeroinit  mc_w.l(handlers.o)
    0x08003430   0x08003430   0x00000002   Code   RO          225    i.configureTimerForRunTimeStats  freertos.o
    0x08003432   0x08003432   0x00000004   Code   RO          226    i.getRunTimeCounterValue  freertos.o
    0x08003436   0x08003436   0x00000002   PAD
    0x08003438   0x08003438   0x0000013c   Code   RO           19    i.main              main.o
    0x08003574   0x08003574   0x0000000c   Code   RO         4726    i.makeFreeRtosPriority  cmsis_os.o
    0x08003580   0x08003580   0x0000000e   Code   RO         4728    i.osDelay           cmsis_os.o
    0x0800358e   0x0800358e   0x0000000a   Code   RO         4731    i.osKernelStart     cmsis_os.o
    0x08003598   0x08003598   0x00000014   Code   RO         4764    i.osSystickHandler  cmsis_os.o
    0x080035ac   0x080035ac   0x0000002e   Code   RO         4765    i.osThreadCreate    cmsis_os.o
    0x080035da   0x080035da   0x00000002   PAD
    0x080035dc   0x080035dc   0x00000070   Code   RO         4266    i.prvAddCurrentTaskToDelayedList  tasks.o
    0x0800364c   0x0800364c   0x000000d0   Code   RO         4267    i.prvAddNewTaskToReadyList  tasks.o
    0x0800371c   0x0800371c   0x00000050   Code   RO         4607    i.prvCheckForValidListAndQueue  timers.o
    0x0800376c   0x0800376c   0x00000050   Code   RO         4268    i.prvCheckTasksWaitingTermination  tasks.o
    0x080037bc   0x080037bc   0x00000026   Code   RO         4083    i.prvCopyDataFromQueue  queue.o
    0x080037e2   0x080037e2   0x0000006c   Code   RO         4084    i.prvCopyDataToQueue  queue.o
    0x0800384e   0x0800384e   0x00000014   Code   RO         4269    i.prvDeleteTCB      tasks.o
    0x08003862   0x08003862   0x00000002   PAD
    0x08003864   0x08003864   0x0000002c   Code   RO         4270    i.prvIdleTask       tasks.o
    0x08003890   0x08003890   0x0000009e   Code   RO         4271    i.prvInitialiseNewTask  tasks.o
    0x0800392e   0x0800392e   0x00000002   PAD
    0x08003930   0x08003930   0x00000038   Code   RO         4608    i.prvInsertTimerInActiveList  timers.o
    0x08003968   0x08003968   0x0000001c   Code   RO         4085    i.prvIsQueueEmpty   queue.o
    0x08003984   0x08003984   0x000000b8   Code   RO         4609    i.prvProcessReceivedCommands  timers.o
    0x08003a3c   0x08003a3c   0x000000b4   Code   RO         4610    i.prvProcessTimerOrBlockTask  timers.o
    0x08003af0   0x08003af0   0x00000020   Code   RO         4273    i.prvResetNextTaskUnblockTime  tasks.o
    0x08003b10   0x08003b10   0x00000028   Code   RO         4611    i.prvSampleTimeNow  timers.o
    0x08003b38   0x08003b38   0x0000006c   Code   RO         4612    i.prvSwitchTimerLists  timers.o
    0x08003ba4   0x08003ba4   0x00000028   Code   RO         5133    i.prvTaskExitError  port.o
    0x08003bcc   0x08003bcc   0x00000024   Code   RO         4613    i.prvTimerTask      timers.o
    0x08003bf0   0x08003bf0   0x0000006a   Code   RO         4086    i.prvUnlockQueue    queue.o
    0x08003c5a   0x08003c5a   0x00000002   PAD
    0x08003c5c   0x08003c5c   0x00000058   Code   RO         5099    i.pvPortMalloc      heap_1.o
    0x08003cb4   0x08003cb4   0x00000018   Code   RO         4276    i.pvTaskIncrementMutexHeldCount  tasks.o
    0x08003ccc   0x08003ccc   0x00000024   Code   RO         5134    i.pxPortInitialiseStack  port.o
    0x08003cf0   0x08003cf0   0x00000024   Code   RO         4046    i.uxListRemove      list.o
    0x08003d14   0x08003d14   0x00000002   Code   RO          227    i.vApplicationIdleHook  freertos.o
    0x08003d16   0x08003d16   0x00000002   Code   RO          228    i.vApplicationMallocFailedHook  freertos.o
    0x08003d18   0x08003d18   0x00000002   Code   RO          229    i.vApplicationStackOverflowHook  freertos.o
    0x08003d1a   0x08003d1a   0x00000002   Code   RO          230    i.vApplicationTickHook  freertos.o
    0x08003d1c   0x08003d1c   0x00000016   Code   RO         4047    i.vListInitialise   list.o
    0x08003d32   0x08003d32   0x00000006   Code   RO         4048    i.vListInitialiseItem  list.o
    0x08003d38   0x08003d38   0x00000030   Code   RO         4049    i.vListInsert       list.o
    0x08003d68   0x08003d68   0x00000018   Code   RO         4050    i.vListInsertEnd    list.o
    0x08003d80   0x08003d80   0x00000040   Code   RO         5136    i.vPortEnterCritical  port.o
    0x08003dc0   0x08003dc0   0x00000028   Code   RO         5137    i.vPortExitCritical  port.o
    0x08003de8   0x08003de8   0x00000016   Code   RO         5100    i.vPortFree         heap_1.o
    0x08003dfe   0x08003dfe   0x00000002   PAD
    0x08003e00   0x08003e00   0x00000020   Code   RO         5138    i.vPortSetupTimerInterrupt  port.o
    0x08003e20   0x08003e20   0x00000054   Code   RO         5139    i.vPortValidateInterruptPriority  port.o
    0x08003e74   0x08003e74   0x00000028   Code   RO         4092    i.vQueueAddToRegistry  queue.o
    0x08003e9c   0x08003e9c   0x00000044   Code   RO         4096    i.vQueueWaitForMessageRestricted  queue.o
    0x08003ee0   0x08003ee0   0x0000004c   Code   RO         4284    i.vTaskDelay        tasks.o
    0x08003f2c   0x08003f2c   0x0000000c   Code   RO         4290    i.vTaskMissedYield  tasks.o
    0x08003f38   0x08003f38   0x00000030   Code   RO         4292    i.vTaskPlaceOnEventList  tasks.o
    0x08003f68   0x08003f68   0x00000038   Code   RO         4293    i.vTaskPlaceOnEventListRestricted  tasks.o
    0x08003fa0   0x08003fa0   0x00000084   Code   RO         4295    i.vTaskPriorityInherit  tasks.o
    0x08004024   0x08004024   0x00000024   Code   RO         4299    i.vTaskSetTimeOutState  tasks.o
    0x08004048   0x08004048   0x00000074   Code   RO         4300    i.vTaskStartScheduler  tasks.o
    0x080040bc   0x080040bc   0x00000010   Code   RO         4302    i.vTaskSuspendAll   tasks.o
    0x080040cc   0x080040cc   0x0000008c   Code   RO         4303    i.vTaskSwitchContext  tasks.o
    0x08004158   0x08004158   0x00000074   Code   RO         5140    i.xPortStartScheduler  port.o
    0x080041cc   0x080041cc   0x0000002c   Code   RO         5141    i.xPortSysTickHandler  port.o
    0x080041f8   0x080041f8   0x00000052   Code   RO         4099    i.xQueueGenericCreate  queue.o
    0x0800424a   0x0800424a   0x00000002   PAD
    0x0800424c   0x0800424c   0x0000016c   Code   RO         4100    i.xQueueGenericReceive  queue.o
    0x080043b8   0x080043b8   0x00000088   Code   RO         4101    i.xQueueGenericReset  queue.o
    0x08004440   0x08004440   0x00000160   Code   RO         4102    i.xQueueGenericSend  queue.o
    0x080045a0   0x080045a0   0x000000bc   Code   RO         4103    i.xQueueGenericSendFromISR  queue.o
    0x0800465c   0x0800465c   0x0000006c   Code   RO         4304    i.xTaskCheckForTimeOut  tasks.o
    0x080046c8   0x080046c8   0x00000056   Code   RO         4305    i.xTaskCreate       tasks.o
    0x0800471e   0x0800471e   0x00000002   PAD
    0x08004720   0x08004720   0x0000001c   Code   RO         4309    i.xTaskGetSchedulerState  tasks.o
    0x0800473c   0x0800473c   0x0000000c   Code   RO         4310    i.xTaskGetTickCount  tasks.o
    0x08004748   0x08004748   0x000000d4   Code   RO         4312    i.xTaskIncrementTick  tasks.o
    0x0800481c   0x0800481c   0x00000098   Code   RO         4315    i.xTaskPriorityDisinherit  tasks.o
    0x080048b4   0x080048b4   0x00000074   Code   RO         4316    i.xTaskRemoveFromEventList  tasks.o
    0x08004928   0x08004928   0x000000c4   Code   RO         4318    i.xTaskResumeAll    tasks.o
    0x080049ec   0x080049ec   0x00000048   Code   RO         4617    i.xTimerCreateTimerTask  timers.o
    0x08004a34   0x08004a34   0x00000060   Code   RO         4618    i.xTimerGenericCommand  timers.o
    0x08004a94   0x08004a94   0x00000028   Data   RO           21    .constdata          main.o
    0x08004abc   0x08004abc   0x00000010   Data   RO         3909    .constdata          system_stm32f1xx.o
    0x08004acc   0x08004acc   0x00000008   Data   RO         3910    .constdata          system_stm32f1xx.o
    0x08004ad4   0x08004ad4   0x00000018   Data   RO           22    .conststring        main.o
    0x08004aec   0x08004aec   0x00000020   Data   RO         5527    Region$$Table       anon$$obj.o


    Execution Region RW_IRAM1 (Exec base: 0x20000000, Load base: 0x08004b0c, Size: 0x000017d8, Max: 0x00010000, ABSOLUTE)

    Exec Addr    Load Addr    Size         Type   Attr      Idx    E Section Name        Object

    0x20000000   0x08004b0c   0x00000008   Data   RW           23    .data               main.o
    0x20000008   0x08004b14   0x0000000c   Data   RW         3039    .data               stm32f1xx_hal.o
    0x20000014   0x08004b20   0x00000004   Data   RW         3911    .data               system_stm32f1xx.o
    0x20000018   0x08004b24   0x00000044   Data   RW         4321    .data               tasks.o
    0x2000005c   0x08004b68   0x00000014   Data   RW         4624    .data               timers.o
    0x20000070   0x08004b7c   0x00000008   Data   RW         5104    .data               heap_1.o
    0x20000078   0x08004b84   0x0000000c   Data   RW         5142    .data               port.o
    0x20000084        -       0x00000214   Zero   RW           20    .bss                main.o
    0x20000298        -       0x00000040   Zero   RW         4111    .bss                queue.o
    0x200002d8        -       0x000000f0   Zero   RW         4320    .bss                tasks.o
    0x200003c8        -       0x00000028   Zero   RW         4623    .bss                timers.o
    0x200003f0        -       0x00000fe8   Zero   RW         5103    .bss                heap_1.o
    0x200013d8        -       0x00000400   Zero   RW            1    STACK               startup_stm32f103xe.o


==============================================================================

Image component sizes


      Code (inc. data)   RO Data    RW Data    ZI Data      Debug   Object Name

       102          0          0          0          0      12952   cmsis_os.o
       512         32          0          0          0       5807   dht11.o
        68         10          0          0          0        488   dwt_delay.o
         0          0          0          0          0       9492   event_groups.o
        14          0          0          0          0       2502   freertos.o
       110         10          0          8       4072       2251   heap_1.o
       136          0          0          0          0       3222   list.o
       764         80         64          8        532     529897   main.o
       606         72          0         12          0      10681   port.o
      1510         20          0          0         64      13533   queue.o
        36          8        304          0       1024        772   startup_stm32f103xe.o
       128         24          0         12          0       5701   stm32f1xx_hal.o
       816          0          0          0          0       9131   stm32f1xx_hal_can.o
       194         14          0          0          0      25587   stm32f1xx_hal_cortex.o
       304          8          0          0          0       1107   stm32f1xx_hal_dma.o
       764         74          0          0          0       4349   stm32f1xx_hal_gpio.o
      2904         58          0          0          0      18657   stm32f1xx_hal_i2c.o
       980         96          0          0          0       4954   stm32f1xx_hal_msp.o
        12          4          0          0          0        483   stm32f1xx_hal_pwr.o
      1320        104          0          0          0       5472   stm32f1xx_hal_rcc.o
       448         44          0          0          0       2481   stm32f1xx_hal_rcc_ex.o
       324          6          0          0          0       3560   stm32f1xx_hal_rtc.o
       910         20          0          0          0       9019   stm32f1xx_hal_tim.o
        84          0          0          0          0       2214   stm32f1xx_hal_tim_ex.o
      1036         10          0          0          0       6715   stm32f1xx_hal_uart.o
      1210         10          0          0          0       8201   stm32f1xx_hal_usart.o
       146         60          0          0          0       6790   stm32f1xx_it.o
        72         16         24          4          0       1067   system_stm32f1xx.o
      2220        182          0         68        240      22739   tasks.o
       852         78          0         20         40      17087   timers.o

    ----------------------------------------------------------------------
     18630       1040        424        132       5972     746911   Object Totals
         0          0         32          0          0          0   (incl. Generated)
        48          0          0          0          0          0   (incl. Padding)

    ----------------------------------------------------------------------

      Code (inc. data)   RO Data    RW Data    ZI Data      Debug   Library Member Name

         0          0          0          0          0          0   entry.o
         0          0          0          0          0          0   entry10a.o
         0          0          0          0          0          0   entry11a.o
         8          4          0          0          0          0   entry2.o
         4          0          0          0          0          0   entry5.o
         0          0          0          0          0          0   entry7b.o
         0          0          0          0          0          0   entry8b.o
         8          4          0          0          0          0   entry9a.o
        30          0          0          0          0          0   handlers.o
        36          8          0          0          0         68   init.o
        36          0          0          0          0         68   memcpya.o
        36          0          0          0          0        108   memseta.o

    ----------------------------------------------------------------------
       158         16          0          0          0        244   Library Totals
         0          0          0          0          0          0   (incl. Padding)

    ----------------------------------------------------------------------

      Code (inc. data)   RO Data    RW Data    ZI Data      Debug   Library Name

       158         16          0          0          0        244   mc_w.l

    ----------------------------------------------------------------------
       158         16          0          0          0        244   Library Totals

    ----------------------------------------------------------------------

==============================================================================


      Code (inc. data)   RO Data    RW Data    ZI Data      Debug   

     18788       1056        424        132       5972     736231   Grand Totals
     18788       1056        424        132       5972     736231   ELF Image Totals
     18788       1056        424        132          0          0   ROM Totals

==============================================================================

    Total RO  Size (Code + RO Data)                19212 (  18.76kB)
    Total RW  Size (RW Data + ZI Data)              6104 (   5.96kB)
    Total ROM Size (Code + RO Data + RW Data)      19344 (  18.89kB)

==============================================================================

